Component: ARM Compiler 5.06 update 6 (build 750) Tool: armlink [4d35ed]

==============================================================================

Section Cross References

    main.o(i.main) refers to mcudataflow.o(i.MCU_Init) for MCU_Init
    main.o(i.main) refers to mcudataflow.o(i.System) for System
    main.o(i.main) refers to os_time_pro.o(i.os_timer_handle) for os_timer_handle
    system_stm32f10x.o(i.SetSysClock) refers to system_stm32f10x.o(i.SetSysClockTo72) for SetSysClockTo72
    system_stm32f10x.o(i.SystemCoreClockUpdate) refers to system_stm32f10x.o(.data) for SystemCoreClock
    system_stm32f10x.o(i.SystemInit) refers to system_stm32f10x.o(i.SetSysClock) for SetSysClock
    mcudataflow.o(i.MCU_Init) refers to sysclockconfig.o(i.RCC_Configuration) for RCC_Configuration
    mcudataflow.o(i.MCU_Init) refers to delay.o(i.delay_init) for delay_init
    mcudataflow.o(i.MCU_Init) refers to os_time_pro.o(i.os_timer_init) for os_timer_init
    mcudataflow.o(i.MCU_Init) refers to ioconf.o(i.IO_Init) for IO_Init
    mcudataflow.o(i.MCU_Init) refers to ds3231.o(i.DS3231_Init) for DS3231_Init
    mcudataflow.o(i.MCU_Init) refers to uart4.o(i.STM32_Uart4_Init) for STM32_Uart4_Init
    mcudataflow.o(i.MCU_Init) refers to uart1.o(i.STM32_Uart1_Init) for STM32_Uart1_Init
    mcudataflow.o(i.MCU_Init) refers to uart5.o(i.STM32_Uart5_Init) for STM32_Uart5_Init
    mcudataflow.o(i.MCU_Init) refers to power_ene.o(i.HLW8110_Usart_Init) for HLW8110_Usart_Init
    mcudataflow.o(i.MCU_Init) refers to power_ene.o(i.Write_Rmsl_Init) for Write_Rmsl_Init
    mcudataflow.o(i.MCU_Init) refers to power_ene.o(i.Read_Rmsl_Cmd_Time) for Read_Rmsl_Cmd_Time
    mcudataflow.o(i.MCU_Init) refers to oled.o(i.OLED_Init) for OLED_Init
    mcudataflow.o(i.MCU_Init) refers to oled.o(i.OLED_Clear) for OLED_Clear
    mcudataflow.o(i.MCU_Init) refers to gui.o(i.GUI_ShowCHinese) for GUI_ShowCHinese
    mcudataflow.o(i.MCU_Init) refers to uart5.o(i.UART5_Send_String) for UART5_Send_String
    mcudataflow.o(i.MCU_Init) refers to beep.o(i.RelayOpen) for RelayOpen
    mcudataflow.o(i.MCU_Init) refers to beep.o(i.LedOpen) for LedOpen
    mcudataflow.o(i.MCU_Init) refers to firstpower.o(i.FirstPower) for FirstPower
    mcudataflow.o(i.MCU_Init) refers to finger.o(.data) for OpenLED
    mcudataflow.o(i.System) refers to os_time_pro.o(i.os_timer_arm) for os_timer_arm
    mcudataflow.o(i.System) refers to finger.o(i.Finger_Search_Init) for Finger_Search_Init
    mcudataflow.o(i.System) refers to ds3231.o(i.Get_DS3231_Time) for Get_DS3231_Time
    mcudataflow.o(i.System) refers to mcudataflow.o(.bss) for DS232Timer
    mcudataflow.o(i.System) refers to rfid.o(i.Send_Data) for Send_Data
    sys.o(i.NVIC_Configuration) refers to misc.o(i.NVIC_PriorityGroupConfig) for NVIC_PriorityGroupConfig
    algorithm.o(i.host16_to_network_buffer) refers to algorithm.o(i.swap_uint8_t_in_uint16_t) for swap_uint8_t_in_uint16_t
    algorithm.o(i.host16_to_network_buffer) refers to algorithm.o(i.put_uint16_t_value_to_buffer) for put_uint16_t_value_to_buffer
    algorithm.o(i.host32_to_network_buffer) refers to algorithm.o(i.swap_uint8_t_in_uint32_t) for swap_uint8_t_in_uint32_t
    algorithm.o(i.host32_to_network_buffer) refers to algorithm.o(i.put_uint32_t_value_to_buffer) for put_uint32_t_value_to_buffer
    algorithm.o(i.network_buffer_to_host16) refers to algorithm.o(i.get_uint16_value_from_buffer) for get_uint16_value_from_buffer
    algorithm.o(i.network_buffer_to_host16) refers to algorithm.o(i.swap_uint8_t_in_uint16_t) for swap_uint8_t_in_uint16_t
    algorithm.o(i.network_buffer_to_host32) refers to algorithm.o(i.get_uint32_value_from_buffer) for get_uint32_value_from_buffer
    algorithm.o(i.network_buffer_to_host32) refers to algorithm.o(i.swap_uint8_t_in_uint32_t) for swap_uint8_t_in_uint32_t
    algorithm.o(i.string_to_dec) refers to algorithm.o(i.a_to_dec) for a_to_dec
    delay.o(i.delay_init) refers to misc.o(i.SysTick_CLKSourceConfig) for SysTick_CLKSourceConfig
    delay.o(i.delay_init) refers to system_stm32f10x.o(.data) for SystemCoreClock
    delay.o(i.delay_init) refers to delay.o(.data) for fac_us
    delay.o(i.delay_ms) refers to delay.o(.data) for fac_ms
    delay.o(i.delay_us) refers to delay.o(.data) for fac_us
    os_time_pro.o(i.TIM4_IRQHandler) refers to stm32f10x_tim.o(i.TIM_GetITStatus) for TIM_GetITStatus
    os_time_pro.o(i.TIM4_IRQHandler) refers to stm32f10x_tim.o(i.TIM_ClearITPendingBit) for TIM_ClearITPendingBit
    os_time_pro.o(i.TIM4_IRQHandler) refers to os_time_pro.o(.data) for ptimer_link
    os_time_pro.o(i.os_timer_arm) refers to os_time_pro.o(.data) for ptimer_link
    os_time_pro.o(i.os_timer_handle) refers to os_time_pro.o(.data) for ptimer_link
    os_time_pro.o(i.os_timer_init) refers to timer.o(i.TIM4_Int_Init) for TIM4_Int_Init
    os_time_pro.o(i.os_timer_init) refers to os_time_pro.o(.data) for ptimer_link
    wdg.o(i.IWDG_Feed) refers to stm32f10x_iwdg.o(i.IWDG_ReloadCounter) for IWDG_ReloadCounter
[...]
    __rt_lib_shutdown_heap_1                 0x080001eb   Thumb Code     0  libshutdown2.o(.ARM.Collect$$libshutdown$$0000000F)
    __rt_lib_shutdown_return                 0x080001eb   Thumb Code     0  libshutdown2.o(.ARM.Collect$$libshutdown$$00000010)
    __rt_lib_shutdown_signal_1               0x080001eb   Thumb Code     0  libshutdown2.o(.ARM.Collect$$libshutdown$$0000000A)
    __rt_lib_shutdown_stdio_1                0x080001eb   Thumb Code     0  libshutdown2.o(.ARM.Collect$$libshutdown$$00000004)
    __rt_lib_shutdown_user_alloc_1           0x080001eb   Thumb Code     0  libshutdown2.o(.ARM.Collect$$libshutdown$$0000000C)
    __rt_entry                               0x080001ed   Thumb Code     0  __rtentry.o(.ARM.Collect$$rtentry$$00000000)
    __rt_entry_presh_1                       0x080001ed   Thumb Code     0  __rtentry2.o(.ARM.Collect$$rtentry$$00000002)
    __rt_entry_sh                            0x080001ed   Thumb Code     0  __rtentry4.o(.ARM.Collect$$rtentry$$00000004)
    __rt_entry_li                            0x080001f3   Thumb Code     0  __rtentry2.o(.ARM.Collect$$rtentry$$0000000A)
    __rt_entry_postsh_1                      0x080001f3   Thumb Code     0  __rtentry2.o(.ARM.Collect$$rtentry$$00000009)
    __rt_entry_main                          0x080001f7   Thumb Code     0  __rtentry2.o(.ARM.Collect$$rtentry$$0000000D)
    __rt_entry_postli_1                      0x080001f7   Thumb Code     0  __rtentry2.o(.ARM.Collect$$rtentry$$0000000C)
    __rt_exit                                0x080001ff   Thumb Code     0  rtexit.o(.ARM.Collect$$rtexit$$00000000)
    __rt_exit_ls                             0x08000201   Thumb Code     0  rtexit2.o(.ARM.Collect$$rtexit$$00000003)
    __rt_exit_prels_1                        0x08000201   Thumb Code     0  rtexit2.o(.ARM.Collect$$rtexit$$00000002)
    __rt_exit_exit                           0x08000205   Thumb Code     0  rtexit2.o(.ARM.Collect$$rtexit$$00000004)
    Reset_Handler                            0x0800020d   Thumb Code     8  startup_stm32f10x_hd.o(.text)
    ADC1_2_IRQHandler                        0x08000227   Thumb Code     0  startup_stm32f10x_hd.o(.text)
    ADC3_IRQHandler                          0x08000227   Thumb Code     0  startup_stm32f10x_hd.o(.text)
    CAN1_RX1_IRQHandler                      0x08000227   Thumb Code     0  startup_stm32f10x_hd.o(.text)
    CAN1_SCE_IRQHandler                      0x08000227   Thumb Code     0  startup_stm32f10x_hd.o(.text)
    DMA1_Channel1_IRQHandler                 0x08000227   Thumb Code     0  startup_stm32f10x_hd.o(.text)
    DMA1_Channel2_IRQHandler                 0x08000227   Thumb Code     0  startup_stm32f10x_hd.o(.text)
    DMA1_Channel3_IRQHandler                 0x08000227   Thumb Code     0  startup_stm32f10x_hd.o(.text)
    DMA1_Channel4_IRQHandler                 0x08000227   Thumb Code     0  startup_stm32f10x_hd.o(.text)
    DMA1_Channel5_IRQHandler                 0x08000227   Thumb Code     0  startup_stm32f10x_hd.o(.text)
    DMA1_Channel6_IRQHandler                 0x08000227   Thumb Code     0  startup_stm32f10x_hd.o(.text)
    DMA1_Channel7_IRQHandler                 0x08000227   Thumb Code     0  startup_stm32f10x_hd.o(.text)
    DMA2_Channel1_IRQHandler                 0x08000227   Thumb Code     0  startup_stm32f10x_hd.o(.text)
    DMA2_Channel2_IRQHandler                 0x08000227   Thumb Code     0  startup_stm32f10x_hd.o(.text)
    DMA2_Channel3_IRQHandler                 0x08000227   Thumb Code     0  startup_stm32f10x_hd.o(.text)
    DMA2_Channel4_5_IRQHandler               0x08000227   Thumb Code     0  startup_stm32f10x_hd.o(.text)
    EXTI0_IRQHandler                         0x08000227   Thumb Code     0  startup_stm32f10x_hd.o(.text)
    EXTI15_10_IRQHandler                     0x08000227   Thumb Code     0  startup_stm32f10x_hd.o(.text)
    EXTI2_IRQHandler                         0x08000227   Thumb Code     0  startup_stm32f10x_hd.o(.text)
    EXTI3_IRQHandler                         0x08000227   Thumb Code     0  startup_stm32f10x_hd.o(.text)
    EXTI9_5_IRQHandler                       0x08000227   Thumb Code     0  startup_stm32f10x_hd.o(.text)
    FLASH_IRQHandler                         0x08000227   Thumb Code     0  startup_stm32f10x_hd.o(.text)
    FSMC_IRQHandler                          0x08000227   Thumb Code     0  startup_stm32f10x_hd.o(.text)
    I2C1_ER_IRQHandler                       0x08000227   Thumb Code     0  startup_stm32f10x_hd.o(.text)
    I2C1_EV_IRQHandler                       0x08000227   Thumb Code     0  startup_stm32f10x_hd.o(.text)
    I2C2_ER_IRQHandler                       0x08000227   Thumb Code     0  startup_stm32f10x_hd.o(.text)
    I2C2_EV_IRQHandler                       0x08000227   Thumb Code     0  startup_stm32f10x_hd.o(.text)
    PVD_IRQHandler                           0x08000227   Thumb Code     0  startup_stm32f10x_hd.o(.text)
    RCC_IRQHandler                           0x08000227   Thumb Code     0  startup_stm32f10x_hd.o(.text)
    RTCAlarm_IRQHandler                      0x08000227   Thumb Code     0  startup_stm32f10x_hd.o(.text)
    RTC_IRQHandler                           0x08000227   Thumb Code     0  startup_stm32f10x_hd.o(.text)
    SDIO_IRQHandler                          0x08000227   Thumb Code     0  startup_stm32f10x_hd.o(.text)
    SPI1_IRQHandler                          0x08000227   Thumb Code     0  startup_stm32f10x_hd.o(.text)
    SPI2_IRQHandler                          0x08000227   Thumb Code     0  startup_stm32f10x_hd.o(.text)
    SPI3_IRQHandler                          0x08000227   Thumb Code     0  startup_stm32f10x_hd.o(.text)
    TAMPER_IRQHandler                        0x08000227   Thumb Code     0  startup_stm32f10x_hd.o(.text)
    TIM1_BRK_IRQHandler                      0x08000227   Thumb Code     0  startup_stm32f10x_hd.o(.text)
    TIM1_CC_IRQHandler                       0x08000227   Thumb Code     0  startup_stm32f10x_hd.o(.text)
    TIM1_TRG_COM_IRQHandler                  0x08000227   Thumb Code     0  startup_stm32f10x_hd.o(.text)
    TIM1_UP_IRQHandler                       0x08000227   Thumb Code     0  startup_stm32f10x_hd.o(.text)
    TIM2_IRQHandler                          0x08000227   Thumb Code     0  startup_stm32f10x_hd.o(.text)
    TIM3_IRQHandler                          0x08000227   Thumb Code     0  startup_stm32f10x_hd.o(.text)
    TIM5_IRQHandler                          0x08000227   Thumb Code     0  startup_stm32f10x_hd.o(.text)
    TIM6_IRQHandler                          0x08000227   Thumb Code     0  startup_stm32f10x_hd.o(.text)
    TIM7_IRQHandler                          0x08000227   Thumb Code     0  startup_stm32f10x_hd.o(.text)
    TIM8_BRK_IRQHandler                      0x08000227   Thumb Code     0  startup_stm32f10x_hd.o(.text)
    TIM8_CC_IRQHandler                       0x08000227   Thumb Code     0  startup_stm32f10x_hd.o(.text)
    TIM8_TRG_COM_IRQHandler                  0x08000227   Thumb Code     0  startup_stm32f10x_hd.o(.text)
    TIM8_UP_IRQHandler                       0x08000227   Thumb Code     0  startup_stm32f10x_hd.o(.text)
    USART3_IRQHandler                        0x08000227   Thumb Code     0  startup_stm32f10x_hd.o(.text)
    USBWakeUp_IRQHandler                     0x08000227   Thumb Code     0  startup_stm32f10x_hd.o(.text)
    USB_HP_CAN1_TX_IRQHandler                0x08000227   Thumb Code     0  startup_stm32f10x_hd.o(.text)
    USB_LP_CAN1_RX0_IRQHandler               0x08000227   Thumb Code     0  startup_stm32f10x_hd.o(.text)
    __user_initial_stackheap                 0x08000229   Thumb Code     0  startup_stm32f10x_hd.o(.text)
    __aeabi_memcpy                           0x0800024d   Thumb Code     0  rt_memcpy_v6.o(.text)
    __rt_memcpy                              0x0800024d   Thumb Code   138  rt_memcpy_v6.o(.text)
    _memcpy_lastbytes                        0x080002b3   Thumb Code     0  rt_memcpy_v6.o(.text)
    __aeabi_memset                           0x080002d7   Thumb Code    16  aeabi_memset.o(.text)
    __aeabi_memclr                           0x080002e7   Thumb Code     0  rt_memclr.o(.text)
    __rt_memclr                              0x080002e7   Thumb Code    68  rt_memclr.o(.text)
    _memset                                  0x080002eb   Thumb Code     0  rt_memclr.o(.text)
    __use_two_region_memory                  0x0800032b   Thumb Code     2  heapauxi.o(.text)
    __rt_heap_escrow$2region                 0x0800032d   Thumb Code     2  heapauxi.o(.text)
    __rt_heap_expand$2region                 0x0800032f   Thumb Code     2  heapauxi.o(.text)
    __aeabi_memcpy4                          0x08000331   Thumb Code     0  rt_memcpy_w.o(.text)
    __aeabi_memcpy8                          0x08000331   Thumb Code     0  rt_memcpy_w.o(.text)
    __rt_memcpy_w                            0x08000331   Thumb Code   100  rt_memcpy_w.o(.text)
    _memcpy_lastbytes_aligned                0x08000379   Thumb Code     0  rt_memcpy_w.o(.text)
    __aeabi_memclr4                          0x08000395   Thumb Code     0  rt_memclr_w.o(.text)
    __aeabi_memclr8                          0x08000395   Thumb Code     0  rt_memclr_w.o(.text)
    __rt_memclr_w                            0x08000395   Thumb Code    78  rt_memclr_w.o(.text)
    _memset_w                                0x08000399   Thumb Code     0  rt_memclr_w.o(.text)
    __user_setup_stackheap                   0x080003e3   Thumb Code    74  sys_stackheap_outer.o(.text)
    exit                                     0x0800042d   Thumb Code    18  exit.o(.text)
    __user_libspace                          0x08000441   Thumb Code     8  libspace.o(.text)
    __user_perproc_libspace                  0x08000441   Thumb Code     0  libspace.o(.text)
    __user_perthread_libspace                0x08000441   Thumb Code     0  libspace.o(.text)
    AutoPrintf                               0x08000449   Thumb Code    50  firstpower.o(i.AutoPrintf)
    BCD2HEX                                  0x0800048d   Thumb Code    24  ds3231.o(i.BCD2HEX)
    BUTTON_Init                              0x080004a5   Thumb Code   106  ioconf.o(i.BUTTON_Init)
    BeepOpen                                 0x08000515   Thumb Code    50  beep.o(i.BeepOpen)
    BusFault_Handler                         0x0800054d   Thumb Code     4  stm32f10x_it.o(i.BusFault_Handler)
    CheckCode                                0x08000551   Thumb Code    28  mcu_senddata_route.o(i.CheckCode)
    CheckSum16                               0x0800056d   Thumb Code    28  mcu_senddata_route.o(i.CheckSum16)
    DS3231_Init                              0x08000589   Thumb Code    36  ds3231.o(i.DS3231_Init)
    DS3231_RD_Byte                           0x080005ad   Thumb Code    58  ds3231.o(i.DS3231_RD_Byte)
    DS3231_WR_Byte                           0x080005e7   Thumb Code    46  ds3231.o(i.DS3231_WR_Byte)
    DebugMon_Handler                         0x08000615   Thumb Code     2  stm32f10x_it.o(i.DebugMon_Handler)
    EXTI1_IRQHandler                         0x08000619   Thumb Code    32  ioconf.o(i.EXTI1_IRQHandler)
    EXTI4_IRQHandler                         0x08000641   Thumb Code    10  finger.o(i.EXTI4_IRQHandler)
    EXTI_ClearITPendingBit                   0x0800064d   Thumb Code     6  stm32f10x_exti.o(i.EXTI_ClearITPendingBit)
    EXTI_GetITStatus                         0x08000659   Thumb Code    34  stm32f10x_exti.o(i.EXTI_GetITStatus)
    EXTI_Init                                0x08000681   Thumb Code   142  stm32f10x_exti.o(i.EXTI_Init)
    FLASH_ErasePage                          0x08000715   Thumb Code    72  stm32f10x_flash.o(i.FLASH_ErasePage)
    FLASH_GetBank1Status                     0x08000761   Thumb Code    48  stm32f10x_flash.o(i.FLASH_GetBank1Status)
    FLASH_LockBank1                          0x08000795   Thumb Code    14  stm32f10x_flash.o(i.FLASH_LockBank1)
    FLASH_PrefetchBufferCmd                  0x080007a9   Thumb Code    22  stm32f10x_flash.o(i.FLASH_PrefetchBufferCmd)
    FLASH_ProgramHalfWord                    0x080007c5   Thumb Code    60  stm32f10x_flash.o(i.FLASH_ProgramHalfWord)
    FLASH_SetLatency                         0x08000805   Thumb Code    18  stm32f10x_flash.o(i.FLASH_SetLatency)
    FLASH_UnlockBank1                        0x0800081d   Thumb Code    12  stm32f10x_flash.o(i.FLASH_UnlockBank1)
    FLASH_WaitForLastOperation               0x08000835   Thumb Code    38  stm32f10x_flash.o(i.FLASH_WaitForLastOperation)
    FingerControl                            0x0800085d   Thumb Code   226  finger.o(i.FingerControl)
    FingerSend                               0x0800098d   Thumb Code    46  finger.o(i.FingerSend)
    Finger_Search_Init                       0x080009d1   Thumb Code    18  finger.o(i.Finger_Search_Init)
    FirstPower                               0x080009ed   Thumb Code  1770  firstpower.o(i.FirstPower)
    Flash_Read                               0x08001151   Thumb Code    26  flash.o(i.Flash_Read)
    Flash_Write                              0x0800116b   Thumb Code   214  flash.o(i.Flash_Write)
    Flash_Write_Without_check                0x08001241   Thumb Code    50  flash.o(i.Flash_Write_Without_check)
    Flash_Write_super                        0x08001273   Thumb Code   232  flash.o(i.Flash_Write_super)
    GPIO_EXTILineConfig                      0x0800135d   Thumb Code    60  stm32f10x_gpio.o(i.GPIO_EXTILineConfig)
    GPIO_Init                                0x0800139d   Thumb Code   278  stm32f10x_gpio.o(i.GPIO_Init)
    GPIO_ReadInputDataBit                    0x080014b3   Thumb Code    18  stm32f10x_gpio.o(i.GPIO_ReadInputDataBit)
    GPIO_ResetBits                           0x080014c5   Thumb Code     4  stm32f10x_gpio.o(i.GPIO_ResetBits)
    GPIO_SetBits                             0x080014c9   Thumb Code     4  stm32f10x_gpio.o(i.GPIO_SetBits)
    GUI_ShowCHinese                          0x080014cd   Thumb Code   110  gui.o(i.GUI_ShowCHinese)
    GUI_ShowFont16                           0x0800153d   Thumb Code   232  gui.o(i.GUI_ShowFont16)
    GUI_ShowFont24                           0x08001629   Thumb Code   252  gui.o(i.GUI_ShowFont24)
    GUI_ShowFont32                           0x08001729   Thumb Code   240  gui.o(i.GUI_ShowFont32)
    Get_DS3231_Time                          0x0800181d   Thumb Code   174  ds3231.o(i.Get_DS3231_Time)
    HLW8110_Usart_Init                       0x080018d1   Thumb Code    12  power_ene.o(i.HLW8110_Usart_Init)
    HLW8110_checkSum_Read                    0x080018dd   Thumb Code    40  power_ene.o(i.HLW8110_checkSum_Read)
    HardFault_Handler                        0x08001909   Thumb Code     4  stm32f10x_it.o(i.HardFault_Handler)
    I2C_GPIO_Config                          0x0800190d   Thumb Code    68  ds3231.o(i.I2C_GPIO_Config)
    I2C_ReceiveByte                          0x08001955   Thumb Code    84  ds3231.o(i.I2C_ReceiveByte)
    I2C_SendByte                             0x080019ad   Thumb Code    88  ds3231.o(i.I2C_SendByte)
    I2C_Start                                0x08001a09   Thumb Code    56  ds3231.o(i.I2C_Start)
    I2C_Stop                                 0x08001a45   Thumb Code    44  ds3231.o(i.I2C_Stop)
    I2C_WaitAck                              0x08001a75   Thumb Code    88  ds3231.o(i.I2C_WaitAck)
    IIC_Start                                0x08001ae1   Thumb Code    36  iic2.o(i.IIC_Start)
    IIC_Stop                                 0x08001b09   Thumb Code    28  iic2.o(i.IIC_Stop)
    IIC_Wait_Ack                             0x08001b29   Thumb Code    20  iic2.o(i.IIC_Wait_Ack)
    IO_Init                                  0x08001b41   Thumb Code    26  ioconf.o(i.IO_Init)
    LedOpen                                  0x08001b5b   Thumb Code    38  beep.o(i.LedOpen)
    LogFileVerify                            0x08001b81   Thumb Code    40  mcu_senddata_route.o(i.LogFileVerify)
    MCU_Init                                 0x08001bb9   Thumb Code   122  mcudataflow.o(i.MCU_Init)
    Mcu_SendData_Route                       0x08001c49   Thumb Code   216  mcu_senddata_route.o(i.Mcu_SendData_Route)
    MemManage_Handler                        0x08001d25   Thumb Code     4  stm32f10x_it.o(i.MemManage_Handler)
    NMI_Handler                              0x08001d29   Thumb Code     2  stm32f10x_it.o(i.NMI_Handler)
    NVIC_Init                                0x08001d2d   Thumb Code   100  misc.o(i.NVIC_Init)
    OLED_Clear                               0x08001d9d   Thumb Code    36  oled.o(i.OLED_Clear)
    OLED_Display                             0x08001dc5   Thumb Code    68  oled.o(i.OLED_Display)
    OLED_Init                                0x08001e0d   Thumb Code   198  oled.o(i.OLED_Init)
    OLED_Init_GPIO                           0x08001ed5   Thumb Code    46  oled.o(i.OLED_Init_GPIO)
    OLED_Set_Pixel                           0x08001f09   Thumb Code   122  oled.o(i.OLED_Set_Pixel)
    OLED_WR_Byte                             0x08001f89   Thumb Code    24  oled.o(i.OLED_WR_Byte)
    OneMinuteAutoPower                       0x08001fa1   Thumb Code   110  firstpower.o(i.OneMinuteAutoPower)
    OneMinutePowerJudge                      0x0800203d   Thumb Code   128  finger.o(i.OneMinutePowerJudge)
    PendSV_Handler                           0x080020ed   Thumb Code     2  stm32f10x_it.o(i.PendSV_Handler)
    PowerAfterFunc                           0x080020f1   Thumb Code    74  finger.o(i.PowerAfterFunc)
    PowerCalculate                           0x0800216d   Thumb Code  1708  firstpower.o(i.PowerCalculate)
    PowerInit                                0x08002889   Thumb Code    24  firstpower.o(i.PowerInit)
    PowerStableFunc                          0x080028ad   Thumb Code   712  firstpower.o(i.PowerStableFunc)
    PrinterWorkingMode                       0x08002bdd   Thumb Code  1232  firstpower.o(i.PrinterWorkingMode)
    RCC_APB1PeriphClockCmd                   0x080030b9   Thumb Code    26  stm32f10x_rcc.o(i.RCC_APB1PeriphClockCmd)
    RCC_APB1PeriphResetCmd                   0x080030d9   Thumb Code    26  stm32f10x_rcc.o(i.RCC_APB1PeriphResetCmd)
    RCC_APB2PeriphClockCmd                   0x080030f9   Thumb Code    26  stm32f10x_rcc.o(i.RCC_APB2PeriphClockCmd)
    RCC_APB2PeriphResetCmd                   0x08003119   Thumb Code    26  stm32f10x_rcc.o(i.RCC_APB2PeriphResetCmd)
    RCC_Configuration                        0x08003139   Thumb Code   102  sysclockconfig.o(i.RCC_Configuration)
    RCC_DeInit                               0x080031a1   Thumb Code    64  stm32f10x_rcc.o(i.RCC_DeInit)
    RCC_GetClocksFreq                        0x080031ed   Thumb Code   192  stm32f10x_rcc.o(i.RCC_GetClocksFreq)
    RCC_GetFlagStatus                        0x080032c1   Thumb Code    56  stm32f10x_rcc.o(i.RCC_GetFlagStatus)
    RCC_GetSYSCLKSource                      0x080032fd   Thumb Code    10  stm32f10x_rcc.o(i.RCC_GetSYSCLKSource)
    RCC_HCLKConfig                           0x0800330d   Thumb Code    18  stm32f10x_rcc.o(i.RCC_HCLKConfig)
    RCC_HSICmd                               0x08003325   Thumb Code     6  stm32f10x_rcc.o(i.RCC_HSICmd)
    RCC_PCLK1Config                          0x08003331   Thumb Code    18  stm32f10x_rcc.o(i.RCC_PCLK1Config)
    RCC_PCLK2Config                          0x08003349   Thumb Code    20  stm32f10x_rcc.o(i.RCC_PCLK2Config)
    RCC_PLLCmd                               0x08003361   Thumb Code     6  stm32f10x_rcc.o(i.RCC_PLLCmd)
    RCC_PLLConfig                            0x0800336d   Thumb Code    24  stm32f10x_rcc.o(i.RCC_PLLConfig)
    RCC_SYSCLKConfig                         0x08003389   Thumb Code    18  stm32f10x_rcc.o(i.RCC_SYSCLKConfig)
    RFIDCountClean                           0x080033a1   Thumb Code   162  rfid.o(i.RFIDCountClean)
    RFIDFunction                             0x08003485   Thumb Code   140  rfid.o(i.RFIDFunction)
    RFID_uart_data_analyze                   0x08003555   Thumb Code    78  rfid.o(i.RFID_uart_data_analyze)
    Read_Rmsl_Cmd_Time                       0x080035ad   Thumb Code    18  power_ene.o(i.Read_Rmsl_Cmd_Time)
    Read_Rmsl_P                              0x080035c9   Thumb Code    30  power_ene.o(i.Read_Rmsl_P)
    Read_Rmsl_POWER_PAC                      0x080035ed   Thumb Code    30  power_ene.o(i.Read_Rmsl_POWER_PAC)
    Read_VAP_Handle                          0x08003611   Thumb Code   326  power_ene.o(i.Read_VAP_Handle)
    Read_VAP_Init                            0x08003799   Thumb Code    16  power_ene.o(i.Read_VAP_Init)
    RelayLoopControl                         0x080037b1   Thumb Code    74  rfid.o(i.RelayLoopControl)
    RelayOpen                                0x0800381d   Thumb Code    50  beep.o(i.RelayOpen)
    RouteDataAnalyze                         0x08003855   Thumb Code   544  mcu_senddata_route.o(i.RouteDataAnalyze)
    Route_uart_data_analyze                  0x08003b05   Thumb Code   176  mcu_senddata_route.o(i.Route_uart_data_analyze)
    STM32_IOConfigInit                       0x08003bc1   Thumb Code    52  ioconf.o(i.STM32_IOConfigInit)
    STM32_IOControl                          0x08003c01   Thumb Code    56  ioconf.o(i.STM32_IOControl)
    STM32_Uart1_Init                         0x08003c41   Thumb Code   158  uart1.o(i.STM32_Uart1_Init)
    STM32_Uart2_Init                         0x08003ce9   Thumb Code   182  uart2.o(i.STM32_Uart2_Init)
    STM32_Uart4_Init                         0x08003da9   Thumb Code   166  uart4.o(i.STM32_Uart4_Init)
    STM32_Uart5_Init                         0x08003e59   Thumb Code   162  uart5.o(i.STM32_Uart5_Init)
    SVC_Handler                              0x08003f09   Thumb Code     2  stm32f10x_it.o(i.SVC_Handler)
    Send_Data                                0x08003f0d   Thumb Code    26  rfid.o(i.Send_Data)
    Stable                                   0x0800401d   Thumb Code   490  firstpower.o(i.Stable)
    Start                                    0x08004251   Thumb Code    24  firstpower.o(i.Start)
    StartStable                              0x08004275   Thumb Code    24  firstpower.o(i.StartStable)
    SysTick_CLKSourceConfig                  0x08004299   Thumb Code    40  misc.o(i.SysTick_CLKSourceConfig)
    SysTick_Handler                          0x080042c1   Thumb Code     2  stm32f10x_it.o(i.SysTick_Handler)
    System                                   0x080042c5   Thumb Code    36  mcudataflow.o(i.System)
    SystemInit                               0x080042f9   Thumb Code    78  system_stm32f10x.o(i.SystemInit)
    SystemReboot                             0x08004359   Thumb Code    72  beep.o(i.SystemReboot)
    TIM4_IRQHandler                          0x080043b1   Thumb Code    76  os_time_pro.o(i.TIM4_IRQHandler)
    TIM4_Int_Init                            0x08004405   Thumb Code    90  timer.o(i.TIM4_Int_Init)
    TIM_ClearITPendingBit                    0x08004465   Thumb Code     6  stm32f10x_tim.o(i.TIM_ClearITPendingBit)
    TIM_Cmd                                  0x0800446b   Thumb Code    24  stm32f10x_tim.o(i.TIM_Cmd)
    TIM_GetITStatus                          0x08004483   Thumb Code    34  stm32f10x_tim.o(i.TIM_GetITStatus)
    TIM_ITConfig                             0x080044a5   Thumb Code    18  stm32f10x_tim.o(i.TIM_ITConfig)
    TIM_TimeBaseInit                         0x080044b9   Thumb Code   122  stm32f10x_tim.o(i.TIM_TimeBaseInit)
    UART4_IRQHandler                         0x0800455d   Thumb Code    40  rfid.o(i.UART4_IRQHandler)
    UART5_IRQHandler                         0x08004589   Thumb Code    46  finger.o(i.UART5_IRQHandler)
    UART5_Send_String                        0x080045c1   Thumb Code    26  uart5.o(i.UART5_Send_String)
    UART5_putchar                            0x080045dd   Thumb Code    30  uart5.o(i.UART5_putchar)
    USART1_IRQHandler                        0x08004601   Thumb Code    40  mcu_senddata_route.o(i.USART1_IRQHandler)
    USART1_Send_String                       0x0800462d   Thumb Code    26  uart1.o(i.USART1_Send_String)
    USART1_putchar                           0x08004649   Thumb Code    30  uart1.o(i.USART1_putchar)
    USART2_IRQHandler                        0x0800466d   Thumb Code    76  power_ene.o(i.USART2_IRQHandler)
    USART2_Send_String                       0x080046c5   Thumb Code    26  uart2.o(i.USART2_Send_String)
    USART2_putchar                           0x080046e1   Thumb Code    30  uart2.o(i.USART2_putchar)
    USART4_Send_String                       0x08004705   Thumb Code    26  uart4.o(i.USART4_Send_String)
    USART4_putchar                           0x08004721   Thumb Code    30  uart4.o(i.USART4_putchar)
    USART_Cmd                                0x08004745   Thumb Code    24  stm32f10x_usart.o(i.USART_Cmd)
    USART_DeInit                             0x0800475d   Thumb Code   134  stm32f10x_usart.o(i.USART_DeInit)
    USART_GetFlagStatus                      0x080047f9   Thumb Code    26  stm32f10x_usart.o(i.USART_GetFlagStatus)
    USART_GetITStatus                        0x08004813   Thumb Code    84  stm32f10x_usart.o(i.USART_GetITStatus)
    USART_ITConfig                           0x08004867   Thumb Code    74  stm32f10x_usart.o(i.USART_ITConfig)
    USART_Init                               0x080048b1   Thumb Code   210  stm32f10x_usart.o(i.USART_Init)
    USART_ReceiveData                        0x08004989   Thumb Code    10  stm32f10x_usart.o(i.USART_ReceiveData)
    USART_SendData                           0x08004993   Thumb Code     8  stm32f10x_usart.o(i.USART_SendData)
    Uart_HLW8110_WriteREG_DIS                0x0800499d   Thumb Code    42  power_ene.o(i.Uart_HLW8110_WriteREG_DIS)
    Uart_HLW8110_WriteREG_EN                 0x080049cd   Thumb Code    48  power_ene.o(i.Uart_HLW8110_WriteREG_EN)
    UsageFault_Handler                       0x08004a05   Thumb Code     4  stm32f10x_it.o(i.UsageFault_Handler)
    VariateCleanfunc                         0x08004a09   Thumb Code    72  firstpower.o(i.VariateCleanfunc)
    WWDG_ClearFlag                           0x08004a75   Thumb Code     8  stm32f10x_wwdg.o(i.WWDG_ClearFlag)
    WWDG_IRQHandler                          0x08004a81   Thumb Code    16  wdg.o(i.WWDG_IRQHandler)
    WWDG_SetCounter                          0x08004a95   Thumb Code    10  stm32f10x_wwdg.o(i.WWDG_SetCounter)
    WorkAfterTimeFunc                        0x08004aa5   Thumb Code    96  firstpower.o(i.WorkAfterTimeFunc)
    Write_IIC_Byte                           0x08004b29   Thumb Code    80  iic2.o(i.Write_IIC_Byte)
    Write_IIC_Command                        0x08004b7d   Thumb Code    44  iic2.o(i.Write_IIC_Command)
    Write_IIC_Data                           0x08004ba9   Thumb Code    44  iic2.o(i.Write_IIC_Data)
    Write_Rmsl_E_Add                         0x08004bd5   Thumb Code    54  power_ene.o(i.Write_Rmsl_E_Add)
    Write_Rmsl_E_No_Zero                     0x08004c15   Thumb Code    54  power_ene.o(i.Write_Rmsl_E_No_Zero)
    Write_Rmsl_Init                          0x08004c55   Thumb Code    16  power_ene.o(i.Write_Rmsl_Init)
    _sys_exit                                0x08004c6d   Thumb Code     6  uartprintf.o(i._sys_exit)
    delay                                    0x08004c73   Thumb Code    34  mcu_senddata_route.o(i.delay)
    delay_init                               0x08004c95   Thumb Code    50  delay.o(i.delay_init)
    delay_ms                                 0x08004cd9   Thumb Code    72  delay.o(i.delay_ms)
    finger_uart_data_analyze                 0x08004d25   Thumb Code   192  finger.o(i.finger_uart_data_analyze)
    main                                     0x08004df1   Thumb Code    16  main.o(i.main)
    os_timer_arm                             0x08004e01   Thumb Code    76  os_time_pro.o(i.os_timer_arm)
    os_timer_disarm                          0x08004e55   Thumb Code    16  os_time_pro.o(i.os_timer_disarm)
    os_timer_handle                          0x08004e65   Thumb Code    42  os_time_pro.o(i.os_timer_handle)
    os_timer_init                            0x08004e95   Thumb Code    20  os_time_pro.o(i.os_timer_init)
    __aeabi_d2f                              0x08004ead   Thumb Code     0  d2f.o(x$fpl$d2f)
    _d2f                                     0x08004ead   Thumb Code    98  d2f.o(x$fpl$d2f)
    __aeabi_dadd                             0x08004f11   Thumb Code     0  daddsub_clz.o(x$fpl$dadd)
    _dadd                                    0x08004f11   Thumb Code   332  daddsub_clz.o(x$fpl$dadd)
    __fpl_dcmp_Inf                           0x08005061   Thumb Code    24  dcmpi.o(x$fpl$dcmpinf)
    __aeabi_ddiv                             0x08005079   Thumb Code     0  ddiv.o(x$fpl$ddiv)
    _ddiv                                    0x08005079   Thumb Code   552  ddiv.o(x$fpl$ddiv)
    __aeabi_cdcmpeq                          0x08005329   Thumb Code     0  deqf.o(x$fpl$deqf)
    _dcmpeq                                  0x08005329   Thumb Code   120  deqf.o(x$fpl$deqf)
    __aeabi_d2uiz                            0x080053a1   Thumb Code     0  dfixu.o(x$fpl$dfixu)
    _dfixu                                   0x080053a1   Thumb Code    90  dfixu.o(x$fpl$dfixu)
    __aeabi_i2d                              0x080053fb   Thumb Code     0  dflt_clz.o(x$fpl$dflt)
    _dflt                                    0x080053fb   Thumb Code    46  dflt_clz.o(x$fpl$dflt)
    __aeabi_ui2d                             0x08005429   Thumb Code     0  dflt_clz.o(x$fpl$dfltu)
    _dfltu                                   0x08005429   Thumb Code    38  dflt_clz.o(x$fpl$dfltu)
    __aeabi_cdcmple                          0x08005451   Thumb Code     0  dleqf.o(x$fpl$dleqf)
    _dcmple                                  0x08005451   Thumb Code   120  dleqf.o(x$fpl$dleqf)
    __fpl_dcmple_InfNaN                      0x080054b3   Thumb Code     0  dleqf.o(x$fpl$dleqf)
    __aeabi_dmul                             0x080054c9   Thumb Code     0  dmul.o(x$fpl$dmul)
    _dmul                                    0x080054c9   Thumb Code   332  dmul.o(x$fpl$dmul)
    __fpl_dnaninf                            0x0800561d   Thumb Code   156  dnaninf.o(x$fpl$dnaninf)
    __fpl_dretinf                            0x080056b9   Thumb Code    12  dretinf.o(x$fpl$dretinf)
    __aeabi_cdrcmple                         0x080056c5   Thumb Code     0  drleqf.o(x$fpl$drleqf)
    _drcmple                                 0x080056c5   Thumb Code   108  drleqf.o(x$fpl$drleqf)
    __aeabi_drsub                            0x08005731   Thumb Code     0  daddsub_clz.o(x$fpl$drsb)
    _drsb                                    0x08005731   Thumb Code    22  daddsub_clz.o(x$fpl$drsb)
    __aeabi_dsub                             0x08005749   Thumb Code     0  daddsub_clz.o(x$fpl$dsub)
    _dsub                                    0x08005749   Thumb Code   464  daddsub_clz.o(x$fpl$dsub)
    __aeabi_f2d                              0x0800591d   Thumb Code     0  f2d.o(x$fpl$f2d)
    _f2d                                     0x0800591d   Thumb Code    86  f2d.o(x$fpl$f2d)
    __fpl_fcmp_Inf                           0x08005973   Thumb Code    24  fcmpi.o(x$fpl$fcmpinf)
    __aeabi_fdiv                             0x0800598d   Thumb Code     0  fdiv.o(x$fpl$fdiv)
    _fdiv                                    0x0800598d   Thumb Code   384  fdiv.o(x$fpl$fdiv)
    __aeabi_i2f                              0x08005b11   Thumb Code     0  fflt_clz.o(x$fpl$fflt)
    _fflt                                    0x08005b11   Thumb Code    48  fflt_clz.o(x$fpl$fflt)
    __aeabi_ui2f                             0x08005b41   Thumb Code     0  fflt_clz.o(x$fpl$ffltu)
    _ffltu                                   0x08005b41   Thumb Code    38  fflt_clz.o(x$fpl$ffltu)
    __aeabi_cfcmple                          0x08005b69   Thumb Code     0  fleqf.o(x$fpl$fleqf)
    _fcmple                                  0x08005b69   Thumb Code   104  fleqf.o(x$fpl$fleqf)
    __fpl_fcmple_InfNaN                      0x08005bbb   Thumb Code     0  fleqf.o(x$fpl$fleqf)
    __aeabi_fmul                             0x08005bd1   Thumb Code     0  fmul.o(x$fpl$fmul)
    _fmul                                    0x08005bd1   Thumb Code   258  fmul.o(x$fpl$fmul)
    __fpl_fnaninf                            0x08005cd3   Thumb Code   140  fnaninf.o(x$fpl$fnaninf)
    __fpl_fretinf                            0x08005d5f   Thumb Code    10  fretinf.o(x$fpl$fretinf)
    __aeabi_cfrcmple                         0x08005d69   Thumb Code     0  frleqf.o(x$fpl$frleqf)
    _frcmple                                 0x08005d69   Thumb Code    98  frleqf.o(x$fpl$frleqf)
    __I$use$fp                               0x08005dca   Number         0  usenofp.o(x$fpl$usenofp)
    IOx_CLK                                  0x08005dcc   Data          16  ioconf.o(.constdata)
    IOx_PIN                                  0x08005ddc   Data           8  ioconf.o(.constdata)
    F6x8                                     0x08005de4   Data         760  gui.o(.constdata)
    F8X16                                    0x080060dc   Data        1520  gui.o(.constdata)
    cfont16                                  0x080066cc   Data        3298  gui.o(.constdata)
    cfont24                                  0x080073ae   Data          74  gui.o(.constdata)
    cfont32                                  0x080073f8   Data         130  gui.o(.constdata)
    Region$$Table$$Base                      0x0800747c   Number         0  anon$$obj.o(Region$$Table)
    Region$$Table$$Limit                     0x0800749c   Number         0  anon$$obj.o(Region$$Table)
    SystemCoreClock                          0x20000000   Data           4  system_stm32f10x.o(.data)
    AHBPrescTable                            0x20000004   Data          16  system_stm32f10x.o(.data)
    Time_flag                                0x20000014   Data           1  mcudataflow.o(.data)
    PowerInitFlag                            0x20000015   Data           1  mcudataflow.o(.data)
    ptimer_link                              0x2000001c   Data           4  os_time_pro.o(.data)
    WWDG_CNT                                 0x20000024   Data           1  wdg.o(.data)
    IOx_PORT                                 0x2000003c   Data          16  ioconf.o(.data)
    RelayState                               0x2000004c   Data           1  beep.o(.data)
    BeepState                                0x2000004d   Data           1  beep.o(.data)
    NowState                                 0x20000050   Data           1  firstpower.o(.data)
    printsure                                0x20000051   Data           1  firstpower.o(.data)
    MatchFlag                                0x20000052   Data           1  firstpower.o(.data)
    NowPowerValue                            0x20000058   Data           8  firstpower.o(.data)
    StablePowerValue                         0x20000060   Data           8  firstpower.o(.data)
    StablePowerValueMax                      0x20000068   Data           8  firstpower.o(.data)
    StablePowerValueMin                      0x20000070   Data           8  firstpower.o(.data)
    PrintPowerValue                          0x20000078   Data           8  firstpower.o(.data)
    CopyPowerValue                           0x20000080   Data           8  firstpower.o(.data)
    ScanPowerValueMax                        0x20000088   Data           8  firstpower.o(.data)
    ScanPowerValue                           0x20000090   Data           8  firstpower.o(.data)
    PrintPowerValueT                         0x20000098   Data           8  firstpower.o(.data)
    CopyPowerValueT                          0x200000a0   Data           8  firstpower.o(.data)
    ScanPowerValueT                          0x200000a8   Data           8  firstpower.o(.data)
    ScanFactor                               0x200000b0   Data           8  firstpower.o(.data)
    CopyFactor                               0x200000b8   Data           8  firstpower.o(.data)
    PrintFactor                              0x200000c0   Data           8  firstpower.o(.data)
    RC1                                      0x200000c8   Data           8  firstpower.o(.data)
    RC2                                      0x200000d0   Data           8  firstpower.o(.data)
    RC3                                      0x200000d8   Data           8  firstpower.o(.data)
    RC4                                      0x200000e0   Data           8  firstpower.o(.data)
    RC5                                      0x200000e8   Data           8  firstpower.o(.data)
    RC6                                      0x200000f0   Data           8  firstpower.o(.data)
    RC7                                      0x200000f8   Data           8  firstpower.o(.data)
    RC8                                      0x20000100   Data           8  firstpower.o(.data)
    RC9                                      0x20000108   Data           8  firstpower.o(.data)
    midC                                     0x20000110   Data           8  firstpower.o(.data)
    mids                                     0x20000118   Data           8  firstpower.o(.data)
    FC9                                      0x20000120   Data           8  firstpower.o(.data)
    FC8                                      0x20000128   Data           8  firstpower.o(.data)
    FC7                                      0x20000130   Data           8  firstpower.o(.data)
    FC6                                      0x20000138   Data           8  firstpower.o(.data)
    FC5                                      0x20000140   Data           8  firstpower.o(.data)
    FC4                                      0x20000148   Data           8  firstpower.o(.data)
    FC3                                      0x20000150   Data           8  firstpower.o(.data)
    FC2                                      0x20000158   Data           8  firstpower.o(.data)
    FC1                                      0x20000160   Data           8  firstpower.o(.data)
    RGrade                                   0x20000168   Data           1  firstpower.o(.data)
    FGrade                                   0x20000169   Data           1  firstpower.o(.data)
    CalTimes                                 0x2000016a   Data           1  firstpower.o(.data)
    StableMaxpower                           0x20000170   Data           8  firstpower.o(.data)
    StableMinpower                           0x20000178   Data           8  firstpower.o(.data)
    ScanMaxpower                             0x20000180   Data           8  firstpower.o(.data)
    ScanMinpower                             0x20000188   Data           8  firstpower.o(.data)
    WorkPowerFlag                            0x20000190   Data           8  firstpower.o(.data)
    WorkCount                                0x20000198   Data           4  firstpower.o(.data)
    Total                                    0x2000019c   Data           4  firstpower.o(.data)
    TimeCount                                0x200001a0   Data           1  firstpower.o(.data)
    FlashStablePower                         0x200001a4   Data           4  firstpower.o(.data)
    FlashPrintPower                          0x200001a8   Data           4  firstpower.o(.data)
    FlashCopyPower                           0x200001ac   Data           4  firstpower.o(.data)
    FlashScanPower                           0x200001b0   Data           4  firstpower.o(.data)
    FlashPowerArr                            0x200001b4   Data           4  firstpower.o(.data)
    FlashpCount                              0x200001b8   Data           4  firstpower.o(.data)
    FlashpCountV                             0x200001bc   Data           4  firstpower.o(.data)
    PSFminPower                              0x200001c0   Data           8  firstpower.o(.data)
    PSFmaxPower                              0x200001c8   Data           8  firstpower.o(.data)
    PMFminPower                              0x200001d0   Data           8  firstpower.o(.data)
    PMFmaxPower                              0x200001d8   Data           8  firstpower.o(.data)
    StableValue                              0x200001e0   Data           8  firstpower.o(.data)
    PowerStableFlag                          0x200001e8   Data           1  firstpower.o(.data)
    PowerMatchFlag                           0x200001e9   Data           1  firstpower.o(.data)
    MtkPcout                                 0x200001ea   Data           2  firstpower.o(.data)
    pCount                                   0x200001ec   Data           4  firstpower.o(.data)
    SendpCount                               0x200001f0   Data           4  firstpower.o(.data)
    MatchCount                               0x200001f4   Data           4  firstpower.o(.data)
    MatchCountmin                            0x200001f8   Data           4  firstpower.o(.data)
    MatchCountmax                            0x200001fc   Data           4  firstpower.o(.data)
    PowerMatchValue                          0x20000200   Data           8  firstpower.o(.data)
    RiseCount                                0x20000208   Data           1  firstpower.o(.data)
    DownCount                                0x20000209   Data           1  firstpower.o(.data)
    RiseFlag                                 0x2000020a   Data           1  firstpower.o(.data)
    StateSwitch                              0x2000020b   Data           1  firstpower.o(.data)
    PowerDirection                           0x2000020c   Data           1  firstpower.o(.data)
    SwitchAverageValue                       0x20000210   Data           8  firstpower.o(.data)
    SwitchPowerValue                         0x20000218   Data           8  firstpower.o(.data)
    PowerAfterState                          0x20000220   Data           1  firstpower.o(.data)
    CountSum                                 0x20000221   Data           1  firstpower.o(.data)
    Powerfactor                              0x20000224   Data           4  firstpower.o(.data)
    AutoPowerStable                          0x20000228   Data           1  firstpower.o(.data)
    DirectionState                           0x20000229   Data           1  firstpower.o(.data)
    RInit                                    0x2000022a   Data           1  firstpower.o(.data)
    DirectionTimeDOpen                       0x2000022b   Data           1  firstpower.o(.data)
    DirectionTimeR                           0x2000022c   Data           1  firstpower.o(.data)
    DirectionTimeD                           0x2000022d   Data           1  firstpower.o(.data)
    PrinterMode                              0x2000022e   Data           1  firstpower.o(.data)
    PrinterReleMode                          0x2000022f   Data           1  firstpower.o(.data)
    CountArry                                0x20000230   Data           4  firstpower.o(.data)
    powerOnOffFlag                           0x20000234   Data           1  firstpower.o(.data)
    PSFcount                                 0x20000235   Data           1  firstpower.o(.data)
    InitPSFcount                             0x20000236   Data           1  firstpower.o(.data)
    PMFcount                                 0x20000237   Data           1  firstpower.o(.data)
    WorkAfterTime                            0x20000238   Data           1  firstpower.o(.data)
    FRegisterCount                           0x2000023a   Data           1  mcu_senddata_route.o(.data)
    MTK_TCP_Print                            0x2000023b   Data           1  mcu_senddata_route.o(.data)
    ZeroArry                                 0x2000023c   Data           2  mcu_senddata_route.o(.data)
    ExportFlie                               0x2000023e   Data           1  mcu_senddata_route.o(.data)
    FingerCOmMode                            0x2000023f   Data           1  mcu_senddata_route.o(.data)
    DownloadImage                            0x20000240   Data          26  mcu_senddata_route.o(.data)
    FingerDelete                             0x2000025a   Data          26  mcu_senddata_route.o(.data)
    DeleteFinger                             0x20000274   Data          26  mcu_senddata_route.o(.data)
    FingerID                                 0x2000028e   Data           2  mcu_senddata_route.o(.data)
    time                                     0x20000294   Data           4  power_ene.o(.data)
    idata                                    0x20000298   Data           4  power_ene.o(.data)
    REG_RMS_IAC                              0x2000029c   Data           2  power_ene.o(.data)
    REG_RMS_UC                               0x2000029e   Data           2  power_ene.o(.data)
    REG_RMS_POWER_PAC                        0x200002a0   Data           2  power_ene.o(.data)
    REG_ENERGY_AC                            0x200002a2   Data           2  power_ene.o(.data)
    u8_TX_Length                             0x200002a4   Data           1  power_ene.o(.data)
    u8_RX_Length                             0x200002a5   Data           1  power_ene.o(.data)
    u8_RX_Index                              0x200002a6   Data           1  power_ene.o(.data)
    Rmsl_Addr_Flag                           0x200002a7   Data           1  power_ene.o(.data)
    Rmsl_Addr                                0x200002a8   Data           4  power_ene.o(.data)
    R_AutoSetSec                             0x200002ac   Data           2  power_ene.o(.data)
    R_AutoSetMin                             0x200002ae   Data           2  power_ene.o(.data)
    R_AutoSetTime                            0x200002b0   Data           8  power_ene.o(.data)
    R_AutoDlyCnt                             0x200002b8   Data           8  power_ene.o(.data)
    old_data                                 0x200002c0   Data           3  power_ene.o(.data)
    new_data                                 0x200002c3   Data           3  power_ene.o(.data)
    wt_flash_flag                            0x200002c6   Data           1  power_ene.o(.data)
    countTwo                                 0x200002ca   Data           2  rfid.o(.data)
    countendTwo                              0x200002cc   Data           2  rfid.o(.data)
    countOne                                 0x200002ce   Data           2  rfid.o(.data)
    RFIDState                                0x200002d0   Data           1  rfid.o(.data)
    WarningCount                             0x200002d1   Data           1  rfid.o(.data)
    OldFingerState                           0x200002d2   Data           1  rfid.o(.data)
    OldRFIDState                             0x200002d3   Data           1  rfid.o(.data)
    OldNowState                              0x200002d4   Data           1  rfid.o(.data)
    RFID_Stop                                0x200002d5   Data          10  rfid.o(.data)
    RFID_Read                                0x200002df   Data          15  rfid.o(.data)
    calendar                                 0x200002f0   Data           8  ds3231.o(.data)
    RX_CheckSum                              0x200002fa   Data           2  finger.o(.data)
    FSendCount                               0x200002fc   Data           1  finger.o(.data)
    OpenLED                                  0x200002fd   Data          26  finger.o(.data)
    CloseLED                                 0x20000317   Data          26  finger.o(.data)
    GetImage                                 0x20000331   Data          26  finger.o(.data)
    PickUpImage                              0x2000034b   Data          26  finger.o(.data)
    SearchImage                              0x20000365   Data          26  finger.o(.data)
    FingerMode                               0x2000037f   Data           1  finger.o(.data)
    FingerState                              0x20000380   Data           1  finger.o(.data)
    Finger_IRQn                              0x20000381   Data           1  finger.o(.data)
    LEDState                                 0x20000382   Data           1  finger.o(.data)
    Uid                                      0x20000383   Data           1  finger.o(.data)
    Powerchangecount                         0x20000384   Data           1  finger.o(.data)
    PowerLimits                              0x20000385   Data           1  finger.o(.data)
    PowerV                                   0x20000388   Data           8  finger.o(.data)
    DS232Timer                               0x20000394   Data          24  mcudataflow.o(.bss)
    PowerLoopTimer                           0x200003ac   Data          24  mcudataflow.o(.bss)
    RFIDLoopTimer                            0x200003c4   Data          24  mcudataflow.o(.bss)
    BeepLoopTimer                            0x200003dc   Data          24  mcudataflow.o(.bss)
    WOrkRFIDTimer                            0x200003f4   Data          24  mcudataflow.o(.bss)
    delay_read_time                          0x2000040c   Data          24  ioconf.o(.bss)
    RelayLoopTimer                           0x20000424   Data          24  beep.o(.bss)
    OpenRelayTimer                           0x2000043c   Data          24  beep.o(.bss)
    StartTimer                               0x20000458   Data          24  firstpower.o(.bss)
    MatchTimer                               0x20000470   Data          24  firstpower.o(.bss)
    OneMinuteAutoPowerTimre                  0x20000488   Data          24  firstpower.o(.bss)
    StableTimer                              0x200004a0   Data          24  firstpower.o(.bss)
    StartStableTimer                         0x200004b8   Data          24  firstpower.o(.bss)
    VariateCleanTimer                        0x200004d0   Data          24  firstpower.o(.bss)
    PowerInitTimer                           0x200004e8   Data          24  firstpower.o(.bss)
    WorkAfterTimer                           0x20000500   Data          24  firstpower.o(.bss)
    SPower                                   0x20000518   Data          96  firstpower.o(.bss)
    PSFLastPower                             0x20000578   Data          96  firstpower.o(.bss)
    PMFLastPower                             0x200005d8   Data          96  firstpower.o(.bss)
    InitPSFLastPower                         0x20000638   Data          96  firstpower.o(.bss)
    InitPMFLastPower                         0x20000698   Data          96  firstpower.o(.bss)
    PowerR                                   0x200006f8   Data          80  firstpower.o(.bss)
    PowerD                                   0x20000748   Data          80  firstpower.o(.bss)
    LogFileVerifyTimre                       0x20000798   Data          24  mcu_senddata_route.o(.bss)
    FRegisterArr                             0x20000bb0   Data          80  mcu_senddata_route.o(.bss)
    SendFingerArr                            0x20000c00   Data        1024  mcu_senddata_route.o(.bss)
    dat                                      0x20001000   Data        4000  power_ene.o(.bss)
    u8_TxBuf                                 0x20001fa0   Data          10  power_ene.o(.bss)
    u8_RxBuf                                 0x20001faa   Data          10  power_ene.o(.bss)
    HLW8110_Time                             0x20001fb4   Data          24  power_ene.o(.bss)
    Write_Rmsl_Time                          0x20001fcc   Data          24  power_ene.o(.bss)
    Write_Amount_Time                        0x20001fe4   Data          24  power_ene.o(.bss)
    AutoDelay_Time                           0x20001ffc   Data          24  power_ene.o(.bss)
    Ene_Count_Time                           0x20002014   Data          24  power_ene.o(.bss)
    Read_Rmsl_U_Timer                        0x2000202c   Data          24  power_ene.o(.bss)
    Read_Rmsl_A_Timer                        0x20002044   Data          24  power_ene.o(.bss)
    Read_Rmsl_P_Timer                        0x2000205c   Data          24  power_ene.o(.bss)
    Read_VAP_Init_Timer                      0x20002074   Data          24  power_ene.o(.bss)
    Read_Rmsl_UC_Timer                       0x2000208c   Data          24  power_ene.o(.bss)
    Read_Rmsl_IAC_Timer                      0x200020a4   Data          24  power_ene.o(.bss)
    Read_Rmsl_POWER_PAC_Timer                0x200020bc   Data          24  power_ene.o(.bss)
    AnswerPower                              0x200020d4   Data          24  power_ene.o(.bss)
    Rmsl_Data                                0x200020ec   Data           9  power_ene.o(.bss)
    Power_Ene                                0x200020f8   Data          40  power_ene.o(.bss)
    Usart2_Rx_Data                           0x20002120   Data          10  power_ene.o(.bss)
    RFIDWarnTimer                            0x2000212c   Data          24  rfid.o(.bss)
    OLED_GRAM                                0x20002168   Data        1152  oled.o(.bss)
    FingerSendTime                           0x200027e8   Data          24  finger.o(.bss)
    PowerChangeTimer                         0x20002800   Data          24  finger.o(.bss)
    FirstPowerTimer                          0x20002818   Data          24  finger.o(.bss)
    PowerMatchTimer                          0x20002830   Data          24  finger.o(.bss)
    PowerAfterTimer                          0x20002848   Data          24  finger.o(.bss)
    __libspace_start                         0x20002880   Data          96  libspace.o(.bss)
    __temporary_stack_top$libspace           0x200028e0   Data           0  libspace.o(.bss)



==============================================================================

Memory Map of the image

  Image Entry point : 0x0800020d

  Load Region LR_1 (Base: 0x08000000, Size: 0x00007830, Max: 0xffffffff, ABSOLUTE, COMPRESSED[0x00007528])

    Execution Region ER_RO (Exec base: 0x08000000, Load base: 0x08000000, Size: 0x0000749c, Max: 0xffffffff, ABSOLUTE)

    Exec Addr    Load Addr    Size         Type   Attr      Idx    E Section Name        Object

    0x08000000   0x08000000   0x00000130   Data   RO          789    RESET               startup_stm32f10x_hd.o
    0x08000130   0x08000130   0x00000008   Code   RO         4706  * !!!main             c_w.l(__main.o)
    0x08000138   0x08000138   0x00000034   Code   RO         4928    !!!scatter          c_w.l(__scatter.o)
    0x0800016c   0x0800016c   0x0000005a   Code   RO         4926    !!dczerorl2         c_w.l(__dczerorl2.o)
    0x080001c6   0x080001c6   0x00000002   PAD
    0x080001c8   0x080001c8   0x0000001c   Code   RO         4930    !!handler_zi        c_w.l(__scatter_zi.o)
    0x080001e4   0x080001e4   0x00000002   Code   RO         4851    .ARM.Collect$$libinit$$00000000  c_w.l(libinit.o)
    0x080001e6   0x080001e6   0x00000000   Code   RO         4760    .ARM.Collect$$libinit$$00000002  c_w.l(libinit2.o)
    0x080001e6   0x080001e6   0x00000000   Code   RO         4762    .ARM.Collect$$libinit$$00000004  c_w.l(libinit2.o)
    0x080001e6   0x080001e6   0x00000000   Code   RO         4765    .ARM.Collect$$libinit$$0000000A  c_w.l(libinit2.o)
    0x080001e6   0x080001e6   0x00000000   Code   RO         4767    .ARM.Collect$$libinit$$0000000C  c_w.l(libinit2.o)
    0x080001e6   0x080001e6   0x00000000   Code   RO         4769    .ARM.Collect$$libinit$$0000000E  c_w.l(libinit2.o)
    0x080001e6   0x080001e6   0x00000000   Code   RO         4772    .ARM.Collect$$libinit$$00000011  c_w.l(libinit2.o)
    0x080001e6   0x080001e6   0x00000000   Code   RO         4774    .ARM.Collect$$libinit$$00000013  c_w.l(libinit2.o)
    0x080001e6   0x080001e6   0x00000000   Code   RO         4776    .ARM.Collect$$libinit$$00000015  c_w.l(libinit2.o)
    0x080001e6   0x080001e6   0x00000000   Code   RO         4778    .ARM.Collect$$libinit$$00000017  c_w.l(libinit2.o)
    0x080001e6   0x080001e6   0x00000000   Code   RO         4780    .ARM.Collect$$libinit$$00000019  c_w.l(libinit2.o)
    0x080001e6   0x080001e6   0x00000000   Code   RO         4782    .ARM.Collect$$libinit$$0000001B  c_w.l(libinit2.o)
    0x080001e6   0x080001e6   0x00000000   Code   RO         4784    .ARM.Collect$$libinit$$0000001D  c_w.l(libinit2.o)
    0x080001e6   0x080001e6   0x00000000   Code   RO         4786    .ARM.Collect$$libinit$$0000001F  c_w.l(libinit2.o)
    0x080001e6   0x080001e6   0x00000000   Code   RO         4788    .ARM.Collect$$libinit$$00000021  c_w.l(libinit2.o)
    0x080001e6   0x080001e6   0x00000000   Code   RO         4790    .ARM.Collect$$libinit$$00000023  c_w.l(libinit2.o)
    0x080001e6   0x080001e6   0x00000000   Code   RO         4792    .ARM.Collect$$libinit$$00000025  c_w.l(libinit2.o)
    0x080001e6   0x080001e6   0x00000000   Code   RO         4796    .ARM.Collect$$libinit$$0000002C  c_w.l(libinit2.o)
    0x080001e6   0x080001e6   0x00000000   Code   RO         4798    .ARM.Collect$$libinit$$0000002E  c_w.l(libinit2.o)
    0x080001e6   0x080001e6   0x00000000   Code   RO         4800    .ARM.Collect$$libinit$$00000030  c_w.l(libinit2.o)
    0x080001e6   0x080001e6   0x00000000   Code   RO         4802    .ARM.Collect$$libinit$$00000032  c_w.l(libinit2.o)
    0x080001e6   0x080001e6   0x00000002   Code   RO         4803    .ARM.Collect$$libinit$$00000033  c_w.l(libinit2.o)
    0x080001e8   0x080001e8   0x00000002   Code   RO         4887    .ARM.Collect$$libshutdown$$00000000  c_w.l(libshutdown.o)
    0x080001ea   0x080001ea   0x00000000   Code   RO         4893    .ARM.Collect$$libshutdown$$00000002  c_w.l(libshutdown2.o)
    0x080001ea   0x080001ea   0x00000000   Code   RO         4895    .ARM.Collect$$libshutdown$$00000004  c_w.l(libshutdown2.o)
    0x080001ea   0x080001ea   0x00000000   Code   RO         4898    .ARM.Collect$$libshutdown$$00000007  c_w.l(libshutdown2.o)
    0x080001ea   0x080001ea   0x00000000   Code   RO         4901    .ARM.Collect$$libshutdown$$0000000A  c_w.l(libshutdown2.o)
    0x080001ea   0x080001ea   0x00000000   Code   RO         4903    .ARM.Collect$$libshutdown$$0000000C  c_w.l(libshutdown2.o)
    0x080001ea   0x080001ea   0x00000000   Code   RO         4906    .ARM.Collect$$libshutdown$$0000000F  c_w.l(libshutdown2.o)
    0x080001ea   0x080001ea   0x00000002   Code   RO         4907    .ARM.Collect$$libshutdown$$00000010  c_w.l(libshutdown2.o)
    0x080001ec   0x080001ec   0x00000000   Code   RO         4754    .ARM.Collect$$rtentry$$00000000  c_w.l(__rtentry.o)
    0x080001ec   0x080001ec   0x00000000   Code   RO         4818    .ARM.Collect$$rtentry$$00000002  c_w.l(__rtentry2.o)
    0x080001ec   0x080001ec   0x00000006   Code   RO         4830    .ARM.Collect$$rtentry$$00000004  c_w.l(__rtentry4.o)
    0x080001f2   0x080001f2   0x00000000   Code   RO         4820    .ARM.Collect$$rtentry$$00000009  c_w.l(__rtentry2.o)
    0x080001f2   0x080001f2   0x00000004   Code   RO         4821    .ARM.Collect$$rtentry$$0000000A  c_w.l(__rtentry2.o)
    0x080001f6   0x080001f6   0x00000000   Code   RO         4823    .ARM.Collect$$rtentry$$0000000C  c_w.l(__rtentry2.o)
    0x080001f6   0x080001f6   0x00000008   Code   RO         4824    .ARM.Collect$$rtentry$$0000000D  c_w.l(__rtentry2.o)
    0x080001fe   0x080001fe   0x00000002   Code   RO         4857    .ARM.Collect$$rtexit$$00000000  c_w.l(rtexit.o)
    0x08000200   0x08000200   0x00000000   Code   RO         4869    .ARM.Collect$$rtexit$$00000002  c_w.l(rtexit2.o)
    0x08000200   0x08000200   0x00000004   Code   RO         4870    .ARM.Collect$$rtexit$$00000003  c_w.l(rtexit2.o)
    0x08000204   0x08000204   0x00000006   Code   RO         4871    .ARM.Collect$$rtexit$$00000004  c_w.l(rtexit2.o)
    0x0800020a   0x0800020a   0x00000002   PAD
    0x0800020c   0x0800020c   0x00000040   Code   RO          790  * .text               startup_stm32f10x_hd.o
    0x0800024c   0x0800024c   0x0000008a   Code   RO         4698    .text               c_w.l(rt_memcpy_v6.o)
    0x080002d6   0x080002d6   0x00000010   Code   RO         4700    .text               c_w.l(aeabi_memset.o)
    0x080002e6   0x080002e6   0x00000044   Code   RO         4702    .text               c_w.l(rt_memclr.o)
    0x0800032a   0x0800032a   0x00000006   Code   RO         4704    .text               c_w.l(heapauxi.o)
    0x08000330   0x08000330   0x00000064   Code   RO         4755    .text               c_w.l(rt_memcpy_w.o)
    0x08000394   0x08000394   0x0000004e   Code   RO         4757    .text               c_w.l(rt_memclr_w.o)
    0x080003e2   0x080003e2   0x0000004a   Code   RO         4838    .text               c_w.l(sys_stackheap_outer.o)
    0x0800042c   0x0800042c   0x00000012   Code   RO         4840    .text               c_w.l(exit.o)
    0x0800043e   0x0800043e   0x00000002   PAD
    0x08000440   0x08000440   0x00000008   Code   RO         4854    .text               c_w.l(libspace.o)
    0x08000448   0x08000448   0x00000044   Code   RO         3899    i.AutoPrintf        firstpower.o
    0x0800048c   0x0800048c   0x00000018   Code   RO         4210    i.BCD2HEX           ds3231.o
    0x080004a4   0x080004a4   0x00000070   Code   RO         3807    i.BUTTON_Init       ioconf.o
    0x08000514   0x08000514   0x00000038   Code   RO         3855    i.BeepOpen          beep.o
    0x0800054c   0x0800054c   0x00000004   Code   RO          153    i.BusFault_Handler  stm32f10x_it.o
    0x08000550   0x08000550   0x0000001c   Code   RO         4000    i.CheckCode         mcu_senddata_route.o
    0x0800056c   0x0800056c   0x0000001c   Code   RO         4001    i.CheckSum16        mcu_senddata_route.o
    0x08000588   0x08000588   0x00000024   Code   RO         4212    i.DS3231_Init       ds3231.o
    0x080005ac   0x080005ac   0x0000003a   Code   RO         4213    i.DS3231_RD_Byte    ds3231.o
    0x080005e6   0x080005e6   0x0000002e   Code   RO         4214    i.DS3231_WR_Byte    ds3231.o
    0x08000614   0x08000614   0x00000002   Code   RO          154    i.DebugMon_Handler  stm32f10x_it.o
    0x08000616   0x08000616   0x00000002   PAD
    0x08000618   0x08000618   0x00000028   Code   RO         3808    i.EXTI1_IRQHandler  ioconf.o
    0x08000640   0x08000640   0x0000000a   Code   RO         4383    i.EXTI4_IRQHandler  finger.o
    0x0800064a   0x0800064a   0x00000002   PAD
    0x0800064c   0x0800064c   0x0000000c   Code   RO         1592    i.EXTI_ClearITPendingBit  stm32f10x_exti.o
    0x08000658   0x08000658   0x00000028   Code   RO         1596    i.EXTI_GetITStatus  stm32f10x_exti.o
    0x08000680   0x08000680   0x00000094   Code   RO         1597    i.EXTI_Init         stm32f10x_exti.o
    0x08000714   0x08000714   0x0000004c   Code   RO         1650    i.FLASH_ErasePage   stm32f10x_flash.o
    0x08000760   0x08000760   0x00000034   Code   RO         1651    i.FLASH_GetBank1Status  stm32f10x_flash.o
    0x08000794   0x08000794   0x00000014   Code   RO         1661    i.FLASH_LockBank1   stm32f10x_flash.o
    0x080007a8   0x080007a8   0x0000001c   Code   RO         1662    i.FLASH_PrefetchBufferCmd  stm32f10x_flash.o
    0x080007c4   0x080007c4   0x00000040   Code   RO         1663    i.FLASH_ProgramHalfWord  stm32f10x_flash.o
    0x08000804   0x08000804   0x00000018   Code   RO         1667    i.FLASH_SetLatency  stm32f10x_flash.o
    0x0800081c   0x0800081c   0x00000018   Code   RO         1669    i.FLASH_UnlockBank1  stm32f10x_flash.o
    0x08000834   0x08000834   0x00000026   Code   RO         1672    i.FLASH_WaitForLastOperation  stm32f10x_flash.o
    0x0800085a   0x0800085a   0x00000002   PAD
    0x0800085c   0x0800085c   0x00000130   Code   RO         4384    i.FingerControl     finger.o
    0x0800098c   0x0800098c   0x00000044   Code   RO         4385    i.FingerSend        finger.o
    0x080009d0   0x080009d0   0x0000001c   Code   RO         4387    i.Finger_Search_Init  finger.o
    0x080009ec   0x080009ec   0x00000764   Code   RO         3900    i.FirstPower        firstpower.o
    0x08001150   0x08001150   0x0000001a   Code   RO          674    i.Flash_Read        flash.o
    0x0800116a   0x0800116a   0x000000d6   Code   RO          675    i.Flash_Write       flash.o
    0x08001240   0x08001240   0x00000032   Code   RO          676    i.Flash_Write_Without_check  flash.o
    0x08001272   0x08001272   0x000000e8   Code   RO          677    i.Flash_Write_super  flash.o
    0x0800135a   0x0800135a   0x00000002   PAD
    0x0800135c   0x0800135c   0x00000040   Code   RO         1942    i.GPIO_EXTILineConfig  stm32f10x_gpio.o
    0x0800139c   0x0800139c   0x00000116   Code   RO         1945    i.GPIO_Init         stm32f10x_gpio.o
    0x080014b2   0x080014b2   0x00000012   Code   RO         1949    i.GPIO_ReadInputDataBit  stm32f10x_gpio.o
    0x080014c4   0x080014c4   0x00000004   Code   RO         1952    i.GPIO_ResetBits    stm32f10x_gpio.o
    0x080014c8   0x080014c8   0x00000004   Code   RO         1953    i.GPIO_SetBits      stm32f10x_gpio.o
    0x080014cc   0x080014cc   0x0000006e   Code   RO         4565    i.GUI_ShowCHinese   gui.o
    0x0800153a   0x0800153a   0x00000002   PAD
    0x0800153c   0x0800153c   0x000000ec   Code   RO         4567    i.GUI_ShowFont16    gui.o
    0x08001628   0x08001628   0x00000100   Code   RO         4568    i.GUI_ShowFont24    gui.o
    0x08001728   0x08001728   0x000000f4   Code   RO         4569    i.GUI_ShowFont32    gui.o
    0x0800181c   0x0800181c   0x000000b4   Code   RO         4215    i.Get_DS3231_Time   ds3231.o
    0x080018d0   0x080018d0   0x0000000c   Code   RO         4065    i.HLW8110_Usart_Init  power_ene.o
    0x080018dc   0x080018dc   0x0000002c   Code   RO         4066    i.HLW8110_checkSum_Read  power_ene.o
    0x08001908   0x08001908   0x00000004   Code   RO          155    i.HardFault_Handler  stm32f10x_it.o
    0x0800190c   0x0800190c   0x00000048   Code   RO         4217    i.I2C_GPIO_Config   ds3231.o
    0x08001954   0x08001954   0x00000058   Code   RO         4219    i.I2C_ReceiveByte   ds3231.o
    0x080019ac   0x080019ac   0x0000005c   Code   RO         4220    i.I2C_SendByte      ds3231.o
    0x08001a08   0x08001a08   0x0000003c   Code   RO         4221    i.I2C_Start         ds3231.o
    0x08001a44   0x08001a44   0x00000030   Code   RO         4222    i.I2C_Stop          ds3231.o
    0x08001a74   0x08001a74   0x0000005c   Code   RO         4223    i.I2C_WaitAck       ds3231.o
    0x08001ad0   0x08001ad0   0x0000000e   Code   RO         4224    i.I2C_delay         ds3231.o
    0x08001ade   0x08001ade   0x00000002   PAD
    0x08001ae0   0x08001ae0   0x00000028   Code   RO          732    i.IIC_Start         iic2.o
    0x08001b08   0x08001b08   0x00000020   Code   RO          733    i.IIC_Stop          iic2.o
    0x08001b28   0x08001b28   0x00000018   Code   RO          734    i.IIC_Wait_Ack      iic2.o
    0x08001b40   0x08001b40   0x0000001a   Code   RO         3810    i.IO_Init           ioconf.o
    0x08001b5a   0x08001b5a   0x00000026   Code   RO         3856    i.LedOpen           beep.o
    0x08001b80   0x08001b80   0x00000038   Code   RO         4002    i.LogFileVerify     mcu_senddata_route.o
    0x08001bb8   0x08001bb8   0x00000090   Code   RO          250    i.MCU_Init          mcudataflow.o
    0x08001c48   0x08001c48   0x000000dc   Code   RO         4003    i.Mcu_SendData_Route  mcu_senddata_route.o
    0x08001d24   0x08001d24   0x00000004   Code   RO          156    i.MemManage_Handler  stm32f10x_it.o
    0x08001d28   0x08001d28   0x00000002   Code   RO          157    i.NMI_Handler       stm32f10x_it.o
    0x08001d2a   0x08001d2a   0x00000002   PAD
    0x08001d2c   0x08001d2c   0x00000070   Code   RO          794    i.NVIC_Init         misc.o
    0x08001d9c   0x08001d9c   0x00000028   Code   RO         4314    i.OLED_Clear        oled.o
    0x08001dc4   0x08001dc4   0x00000048   Code   RO         4315    i.OLED_Display      oled.o
    0x08001e0c   0x08001e0c   0x000000c6   Code   RO         4318    i.OLED_Init         oled.o
    0x08001ed2   0x08001ed2   0x00000002   PAD
    0x08001ed4   0x08001ed4   0x00000034   Code   RO         4319    i.OLED_Init_GPIO    oled.o
    0x08001f08   0x08001f08   0x00000080   Code   RO         4320    i.OLED_Set_Pixel    oled.o
    0x08001f88   0x08001f88   0x00000018   Code   RO         4322    i.OLED_WR_Byte      oled.o
    0x08001fa0   0x08001fa0   0x0000009c   Code   RO         3901    i.OneMinuteAutoPower  firstpower.o
    0x0800203c   0x0800203c   0x000000b0   Code   RO         4389    i.OneMinutePowerJudge  finger.o
    0x080020ec   0x080020ec   0x00000002   Code   RO          158    i.PendSV_Handler    stm32f10x_it.o
    0x080020ee   0x080020ee   0x00000002   PAD
    0x080020f0   0x080020f0   0x0000007c   Code   RO         4390    i.PowerAfterFunc    finger.o
    0x0800216c   0x0800216c   0x0000071c   Code   RO         3902    i.PowerCalculate    firstpower.o
    0x08002888   0x08002888   0x00000024   Code   RO         3903    i.PowerInit         firstpower.o
    0x080028ac   0x080028ac   0x00000330   Code   RO         3904    i.PowerStableFunc   firstpower.o
    0x08002bdc   0x08002bdc   0x000004dc   Code   RO         3905    i.PrinterWorkingMode  firstpower.o
    0x080030b8   0x080030b8   0x00000020   Code   RO         2361    i.RCC_APB1PeriphClockCmd  stm32f10x_rcc.o
    0x080030d8   0x080030d8   0x00000020   Code   RO         2362    i.RCC_APB1PeriphResetCmd  stm32f10x_rcc.o
    0x080030f8   0x080030f8   0x00000020   Code   RO         2363    i.RCC_APB2PeriphClockCmd  stm32f10x_rcc.o
    0x08003118   0x08003118   0x00000020   Code   RO         2364    i.RCC_APB2PeriphResetCmd  stm32f10x_rcc.o
    0x08003138   0x08003138   0x00000066   Code   RO          704    i.RCC_Configuration  sysclockconfig.o
    0x0800319e   0x0800319e   0x00000002   PAD
    0x080031a0   0x080031a0   0x0000004c   Code   RO         2370    i.RCC_DeInit        stm32f10x_rcc.o
    0x080031ec   0x080031ec   0x000000d4   Code   RO         2371    i.RCC_GetClocksFreq  stm32f10x_rcc.o
    0x080032c0   0x080032c0   0x0000003c   Code   RO         2372    i.RCC_GetFlagStatus  stm32f10x_rcc.o
    0x080032fc   0x080032fc   0x00000010   Code   RO         2374    i.RCC_GetSYSCLKSource  stm32f10x_rcc.o
    0x0800330c   0x0800330c   0x00000018   Code   RO         2375    i.RCC_HCLKConfig    stm32f10x_rcc.o
    0x08003324   0x08003324   0x0000000c   Code   RO         2377    i.RCC_HSICmd        stm32f10x_rcc.o
    0x08003330   0x08003330   0x00000018   Code   RO         2382    i.RCC_PCLK1Config   stm32f10x_rcc.o
    0x08003348   0x08003348   0x00000018   Code   RO         2383    i.RCC_PCLK2Config   stm32f10x_rcc.o
    0x08003360   0x08003360   0x0000000c   Code   RO         2384    i.RCC_PLLCmd        stm32f10x_rcc.o
    0x0800336c   0x0800336c   0x0000001c   Code   RO         2385    i.RCC_PLLConfig     stm32f10x_rcc.o
    0x08003388   0x08003388   0x00000018   Code   RO         2388    i.RCC_SYSCLKConfig  stm32f10x_rcc.o
    0x080033a0   0x080033a0   0x000000e4   Code   RO         4163    i.RFIDCountClean    rfid.o
    0x08003484   0x08003484   0x000000d0   Code   RO         4164    i.RFIDFunction      rfid.o
    0x08003554   0x08003554   0x00000058   Code   RO         4165    i.RFID_uart_data_analyze  rfid.o
    0x080035ac   0x080035ac   0x0000001c   Code   RO         4067    i.Read_Rmsl_Cmd_Time  power_ene.o
    0x080035c8   0x080035c8   0x00000024   Code   RO         4068    i.Read_Rmsl_P       power_ene.o
    0x080035ec   0x080035ec   0x00000024   Code   RO         4069    i.Read_Rmsl_POWER_PAC  power_ene.o
    0x08003610   0x08003610   0x00000188   Code   RO         4070    i.Read_VAP_Handle   power_ene.o
    0x08003798   0x08003798   0x00000018   Code   RO         4071    i.Read_VAP_Init     power_ene.o
    0x080037b0   0x080037b0   0x0000006c   Code   RO         4166    i.RelayLoopControl  rfid.o
    0x0800381c   0x0800381c   0x00000038   Code   RO         3857    i.RelayOpen         beep.o
    0x08003854   0x08003854   0x000002b0   Code   RO         4004    i.RouteDataAnalyze  mcu_senddata_route.o
    0x08003b04   0x08003b04   0x000000bc   Code   RO         4005    i.Route_uart_data_analyze  mcu_senddata_route.o
    0x08003bc0   0x08003bc0   0x00000040   Code   RO         3811    i.STM32_IOConfigInit  ioconf.o
    0x08003c00   0x08003c00   0x00000040   Code   RO         3812    i.STM32_IOControl   ioconf.o
    0x08003c40   0x08003c40   0x000000a8   Code   RO          575    i.STM32_Uart1_Init  uart1.o
    0x08003ce8   0x08003ce8   0x000000c0   Code   RO          599    i.STM32_Uart2_Init  uart2.o
    0x08003da8   0x08003da8   0x000000b0   Code   RO          626    i.STM32_Uart4_Init  uart4.o
    0x08003e58   0x08003e58   0x000000b0   Code   RO          650    i.STM32_Uart5_Init  uart5.o
    0x08003f08   0x08003f08   0x00000002   Code   RO          159    i.SVC_Handler       stm32f10x_it.o
    0x08003f0a   0x08003f0a   0x00000002   PAD
    0x08003f0c   0x08003f0c   0x00000028   Code   RO         4167    i.Send_Data         rfid.o
    0x08003f34   0x08003f34   0x00000008   Code   RO          216    i.SetSysClock       system_stm32f10x.o
    0x08003f3c   0x08003f3c   0x000000e0   Code   RO          217    i.SetSysClockTo72   system_stm32f10x.o
    0x0800401c   0x0800401c   0x00000234   Code   RO         3906    i.Stable            firstpower.o
    0x08004250   0x08004250   0x00000024   Code   RO         3907    i.Start             firstpower.o
    0x08004274   0x08004274   0x00000024   Code   RO         3908    i.StartStable       firstpower.o
    0x08004298   0x08004298   0x00000028   Code   RO          798    i.SysTick_CLKSourceConfig  misc.o
    0x080042c0   0x080042c0   0x00000002   Code   RO          160    i.SysTick_Handler   stm32f10x_it.o
    0x080042c2   0x080042c2   0x00000002   PAD
    0x080042c4   0x080042c4   0x00000034   Code   RO          251    i.System            mcudataflow.o
    0x080042f8   0x080042f8   0x00000060   Code   RO          219    i.SystemInit        system_stm32f10x.o
    0x08004358   0x08004358   0x00000058   Code   RO         3858    i.SystemReboot      beep.o
    0x080043b0   0x080043b0   0x00000054   Code   RO          482    i.TIM4_IRQHandler   os_time_pro.o
    0x08004404   0x08004404   0x00000060   Code   RO          716    i.TIM4_Int_Init     timer.o
    0x08004464   0x08004464   0x00000006   Code   RO         2990    i.TIM_ClearITPendingBit  stm32f10x_tim.o
    0x0800446a   0x0800446a   0x00000018   Code   RO         2995    i.TIM_Cmd           stm32f10x_tim.o
    0x08004482   0x08004482   0x00000022   Code   RO         3016    i.TIM_GetITStatus   stm32f10x_tim.o
    0x080044a4   0x080044a4   0x00000012   Code   RO         3020    i.TIM_ITConfig      stm32f10x_tim.o
    0x080044b6   0x080044b6   0x00000002   PAD
    0x080044b8   0x080044b8   0x000000a4   Code   RO         3066    i.TIM_TimeBaseInit  stm32f10x_tim.o
    0x0800455c   0x0800455c   0x0000002c   Code   RO         4168    i.UART4_IRQHandler  rfid.o
    0x08004588   0x08004588   0x00000038   Code   RO         4391    i.UART5_IRQHandler  finger.o
    0x080045c0   0x080045c0   0x0000001a   Code   RO          651    i.UART5_Send_String  uart5.o
    0x080045da   0x080045da   0x00000002   PAD
    0x080045dc   0x080045dc   0x00000024   Code   RO          652    i.UART5_putchar     uart5.o
    0x08004600   0x08004600   0x0000002c   Code   RO         4006    i.USART1_IRQHandler  mcu_senddata_route.o
    0x0800462c   0x0800462c   0x0000001a   Code   RO          576    i.USART1_Send_String  uart1.o
    0x08004646   0x08004646   0x00000002   PAD
    0x08004648   0x08004648   0x00000024   Code   RO          577    i.USART1_putchar    uart1.o
    0x0800466c   0x0800466c   0x00000058   Code   RO         4072    i.USART2_IRQHandler  power_ene.o
    0x080046c4   0x080046c4   0x0000001a   Code   RO          600    i.USART2_Send_String  uart2.o
    0x080046de   0x080046de   0x00000002   PAD
    0x080046e0   0x080046e0   0x00000024   Code   RO          601    i.USART2_putchar    uart2.o
    0x08004704   0x08004704   0x0000001a   Code   RO          627    i.USART4_Send_String  uart4.o
    0x0800471e   0x0800471e   0x00000002   PAD
    0x08004720   0x08004720   0x00000024   Code   RO          628    i.USART4_putchar    uart4.o
    0x08004744   0x08004744   0x00000018   Code   RO         3531    i.USART_Cmd         stm32f10x_usart.o
    0x0800475c   0x0800475c   0x0000009c   Code   RO         3533    i.USART_DeInit      stm32f10x_usart.o
    0x080047f8   0x080047f8   0x0000001a   Code   RO         3534    i.USART_GetFlagStatus  stm32f10x_usart.o
    0x08004812   0x08004812   0x00000054   Code   RO         3535    i.USART_GetITStatus  stm32f10x_usart.o
    0x08004866   0x08004866   0x0000004a   Code   RO         3537    i.USART_ITConfig    stm32f10x_usart.o
    0x080048b0   0x080048b0   0x000000d8   Code   RO         3538    i.USART_Init        stm32f10x_usart.o
    0x08004988   0x08004988   0x0000000a   Code   RO         3545    i.USART_ReceiveData  stm32f10x_usart.o
    0x08004992   0x08004992   0x00000008   Code   RO         3548    i.USART_SendData    stm32f10x_usart.o
    0x0800499a   0x0800499a   0x00000002   PAD
    0x0800499c   0x0800499c   0x00000030   Code   RO         4073    i.Uart_HLW8110_WriteREG_DIS  power_ene.o
    0x080049cc   0x080049cc   0x00000038   Code   RO         4074    i.Uart_HLW8110_WriteREG_EN  power_ene.o
    0x08004a04   0x08004a04   0x00000004   Code   RO          161    i.UsageFault_Handler  stm32f10x_it.o
    0x08004a08   0x08004a08   0x0000006c   Code   RO         3909    i.VariateCleanfunc  firstpower.o
    0x08004a74   0x08004a74   0x0000000c   Code   RO         3707    i.WWDG_ClearFlag    stm32f10x_wwdg.o
    0x08004a80   0x08004a80   0x00000014   Code   RO          529    i.WWDG_IRQHandler   wdg.o
    0x08004a94   0x08004a94   0x00000010   Code   RO         3712    i.WWDG_SetCounter   stm32f10x_wwdg.o
    0x08004aa4   0x08004aa4   0x00000084   Code   RO         3910    i.WorkAfterTimeFunc  firstpower.o
    0x08004b28   0x08004b28   0x00000054   Code   RO          735    i.Write_IIC_Byte    iic2.o
    0x08004b7c   0x08004b7c   0x0000002c   Code   RO          736    i.Write_IIC_Command  iic2.o
    0x08004ba8   0x08004ba8   0x0000002c   Code   RO          737    i.Write_IIC_Data    iic2.o
    0x08004bd4   0x08004bd4   0x00000040   Code   RO         4075    i.Write_Rmsl_E_Add  power_ene.o
    0x08004c14   0x08004c14   0x00000040   Code   RO         4076    i.Write_Rmsl_E_No_Zero  power_ene.o
    0x08004c54   0x08004c54   0x00000018   Code   RO         4077    i.Write_Rmsl_Init   power_ene.o
    0x08004c6c   0x08004c6c   0x00000006   Code   RO         3761    i._sys_exit         uartprintf.o
    0x08004c72   0x08004c72   0x00000022   Code   RO         4007    i.delay             mcu_senddata_route.o
    0x08004c94   0x08004c94   0x00000044   Code   RO          456    i.delay_init        delay.o
    0x08004cd8   0x08004cd8   0x0000004c   Code   RO          457    i.delay_ms          delay.o
    0x08004d24   0x08004d24   0x000000cc   Code   RO         4392    i.finger_uart_data_analyze  finger.o
    0x08004df0   0x08004df0   0x00000010   Code   RO            1    i.main              main.o
    0x08004e00   0x08004e00   0x00000054   Code   RO          483    i.os_timer_arm      os_time_pro.o
    0x08004e54   0x08004e54   0x00000010   Code   RO          484    i.os_timer_disarm   os_time_pro.o
    0x08004e64   0x08004e64   0x00000030   Code   RO          485    i.os_timer_handle   os_time_pro.o
    0x08004e94   0x08004e94   0x00000018   Code   RO          486    i.os_timer_init     os_time_pro.o
    0x08004eac   0x08004eac   0x00000062   Code   RO         4708    x$fpl$d2f           fz_ws.l(d2f.o)
    0x08004f0e   0x08004f0e   0x00000002   PAD
    0x08004f10   0x08004f10   0x00000150   Code   RO         4710    x$fpl$dadd          fz_ws.l(daddsub_clz.o)
    0x08005060   0x08005060   0x00000018   Code   RO         4804    x$fpl$dcmpinf       fz_ws.l(dcmpi.o)
    0x08005078   0x08005078   0x000002b0   Code   RO         4717    x$fpl$ddiv          fz_ws.l(ddiv.o)
    0x08005328   0x08005328   0x00000078   Code   RO         4720    x$fpl$deqf          fz_ws.l(deqf.o)
    0x080053a0   0x080053a0   0x0000005a   Code   RO         4722    x$fpl$dfixu         fz_ws.l(dfixu.o)
    0x080053fa   0x080053fa   0x0000002e   Code   RO         4727    x$fpl$dflt          fz_ws.l(dflt_clz.o)
    0x08005428   0x08005428   0x00000026   Code   RO         4726    x$fpl$dfltu         fz_ws.l(dflt_clz.o)
    0x0800544e   0x0800544e   0x00000002   PAD
    0x08005450   0x08005450   0x00000078   Code   RO         4732    x$fpl$dleqf         fz_ws.l(dleqf.o)
    0x080054c8   0x080054c8   0x00000154   Code   RO         4734    x$fpl$dmul          fz_ws.l(dmul.o)
    0x0800561c   0x0800561c   0x0000009c   Code   RO         4806    x$fpl$dnaninf       fz_ws.l(dnaninf.o)
    0x080056b8   0x080056b8   0x0000000c   Code   RO         4808    x$fpl$dretinf       fz_ws.l(dretinf.o)
    0x080056c4   0x080056c4   0x0000006c   Code   RO         4736    x$fpl$drleqf        fz_ws.l(drleqf.o)
    0x08005730   0x08005730   0x00000016   Code   RO         4711    x$fpl$drsb          fz_ws.l(daddsub_clz.o)
    0x08005746   0x08005746   0x00000002   PAD
    0x08005748   0x08005748   0x000001d4   Code   RO         4712    x$fpl$dsub          fz_ws.l(daddsub_clz.o)
    0x0800591c   0x0800591c   0x00000056   Code   RO         4738    x$fpl$f2d           fz_ws.l(f2d.o)
    0x08005972   0x08005972   0x00000018   Code   RO         4834    x$fpl$fcmpinf       fz_ws.l(fcmpi.o)
    0x0800598a   0x0800598a   0x00000002   PAD
    0x0800598c   0x0800598c   0x00000184   Code   RO         4741    x$fpl$fdiv          fz_ws.l(fdiv.o)
    0x08005b10   0x08005b10   0x00000030   Code   RO         4745    x$fpl$fflt          fz_ws.l(fflt_clz.o)
    0x08005b40   0x08005b40   0x00000026   Code   RO         4744    x$fpl$ffltu         fz_ws.l(fflt_clz.o)
    0x08005b66   0x08005b66   0x00000002   PAD
    0x08005b68   0x08005b68   0x00000068   Code   RO         4810    x$fpl$fleqf         fz_ws.l(fleqf.o)
    0x08005bd0   0x08005bd0   0x00000102   Code   RO         4750    x$fpl$fmul          fz_ws.l(fmul.o)
    0x08005cd2   0x08005cd2   0x0000008c   Code   RO         4812    x$fpl$fnaninf       fz_ws.l(fnaninf.o)
    0x08005d5e   0x08005d5e   0x0000000a   Code   RO         4814    x$fpl$fretinf       fz_ws.l(fretinf.o)
    0x08005d68   0x08005d68   0x00000062   Code   RO         4752    x$fpl$frleqf        fz_ws.l(frleqf.o)
    0x08005dca   0x08005dca   0x00000000   Code   RO         4816    x$fpl$usenofp       fz_ws.l(usenofp.o)
    0x08005dca   0x08005dca   0x00000002   PAD
    0x08005dcc   0x08005dcc   0x00000018   Data   RO         3814    .constdata          ioconf.o
    0x08005de4   0x08005de4   0x00001696   Data   RO         4576    .constdata          gui.o
    0x0800747a   0x0800747a   0x00000002   PAD
    0x0800747c   0x0800747c   0x00000020   Data   RO         4924    Region$$Table       anon$$obj.o


    Execution Region ER_RW (Exec base: 0x20000000, Load base: 0x0800749c, Size: 0x00000394, Max: 0xffffffff, ABSOLUTE, COMPRESSED[0x0000008c])

    Exec Addr    Load Addr    Size         Type   Attr      Idx    E Section Name        Object

    0x20000000   COMPRESSED   0x00000014   Data   RW          220    .data               system_stm32f10x.o
    0x20000014   COMPRESSED   0x00000002   Data   RW          253    .data               mcudataflow.o
    0x20000016   COMPRESSED   0x00000004   Data   RW          459    .data               delay.o
    0x2000001a   COMPRESSED   0x00000002   PAD
    0x2000001c   COMPRESSED   0x00000008   Data   RW          487    .data               os_time_pro.o
    0x20000024   COMPRESSED   0x00000001   Data   RW          533    .data               wdg.o
    0x20000025   COMPRESSED   0x00000014   Data   RW         2391    .data               stm32f10x_rcc.o
    0x20000039   COMPRESSED   0x00000003   PAD
    0x2000003c   COMPRESSED   0x00000010   Data   RW         3815    .data               ioconf.o
    0x2000004c   COMPRESSED   0x00000002   Data   RW         3860    .data               beep.o
    0x2000004e   COMPRESSED   0x00000002   PAD
    0x20000050   COMPRESSED   0x000001e9   Data   RW         3915    .data               firstpower.o
    0x20000239   COMPRESSED   0x00000001   PAD
    0x2000023a   COMPRESSED   0x0000005a   Data   RW         4009    .data               mcu_senddata_route.o
    0x20000294   COMPRESSED   0x00000035   Data   RW         4080    .data               power_ene.o
    0x200002c9   COMPRESSED   0x00000001   PAD
    0x200002ca   COMPRESSED   0x00000026   Data   RW         4170    .data               rfid.o
    0x200002f0   COMPRESSED   0x00000008   Data   RW         4226    .data               ds3231.o
    0x200002f8   COMPRESSED   0x0000009a   Data   RW         4394    .data               finger.o


    Execution Region ER_ZI (Exec base: 0x20000394, Load base: 0x08007528, Size: 0x0000314c, Max: 0xffffffff, ABSOLUTE)

    Exec Addr    Load Addr    Size         Type   Attr      Idx    E Section Name        Object

    0x20000394        -       0x00000078   Zero   RW          252    .bss                mcudataflow.o
    0x2000040c        -       0x00000018   Zero   RW         3813    .bss                ioconf.o
    0x20000424        -       0x00000030   Zero   RW         3859    .bss                beep.o
    0x20000454   0x08007528   0x00000004   PAD
    0x20000458        -       0x00000340   Zero   RW         3914    .bss                firstpower.o
    0x20000798        -       0x00000868   Zero   RW         4008    .bss                mcu_senddata_route.o
    0x20001000        -       0x0000112a   Zero   RW         4079    .bss                power_ene.o
    0x2000212a   0x08007528   0x00000002   PAD
    0x2000212c        -       0x0000003c   Zero   RW         4169    .bss                rfid.o
    0x20002168        -       0x00000680   Zero   RW         4323    .bss                oled.o
    0x200027e8        -       0x00000096   Zero   RW         4393    .bss                finger.o
    0x2000287e   0x08007528   0x00000002   PAD
    0x20002880        -       0x00000060   Zero   RW         4855    .bss                c_w.l(libspace.o)
    0x200028e0        -       0x00000400   Zero   RW          788    HEAP                startup_stm32f10x_hd.o
    0x20002ce0        -       0x00000800   Zero   RW          787    STACK               startup_stm32f10x_hd.o


==============================================================================

Image component sizes


      Code (inc. data)   RO Data    RW Data    ZI Data      Debug   Object Name

       238         28          0          2         48      17588   beep.o
       144         22          0          4          0       1176   delay.o
       810         30          0          8          0       6563   ds3231.o
       970        230          0        154        150       6390   finger.o
      6908       1172          0        489        832      13481   firstpower.o
       522          0          0          0          0       3759   flash.o
       846         12       5782          0          0       4646   gui.o
       268         16          0          0          0       3000   iic2.o
       306         34         24         16         24       3393   ioconf.o
        16          0          0          0          0      56247   main.o
      1286        180          0         90       2152       8584   mcu_senddata_route.o
       196         38          0          2        120       1398   mcudataflow.o
       152         12          0          0          0       1522   misc.o
       514         20          0          0       1664       4005   oled.o
       256         26          0          8          0       3587   os_time_pro.o
       916        154          0         53       4394      10655   power_ene.o
       716        196          0         38         60       5005   rfid.o
        64         26        304          0       3072        796   startup_stm32f10x_hd.o
       200         18          0          0          0       2080   stm32f10x_exti.o
       326         42          0          0          0       4493   stm32f10x_flash.o
       368          4          0          0          0       4234   stm32f10x_gpio.o
        26          0          0          0          0       3642   stm32f10x_it.o
       640        104          0         20          0      10885   stm32f10x_rcc.o
       246         42          0          0          0       3506   stm32f10x_tim.o
       598         28          0          0          0       6720   stm32f10x_usart.o
        28         10          0          0          0        963   stm32f10x_wwdg.o
         0          0          0          0          0     206996   sys.o
       102          0          0          0          0        544   sysclockconfig.o
       328         28          0         20          0       2057   system_stm32f10x.o
        96          6          0          0          0        648   timer.o
       230         16          0          0          0       2161   uart1.o
       254         16          0          0          0       2165   uart2.o
       238         16          0          0          0       2189   uart4.o
       238         20          0          0          0       2151   uart5.o
         6          0          0          0          0        496   uartprintf.o
        20          4          0          1          0        673   wdg.o

    ----------------------------------------------------------------------
     19108       2550       6144        916      12524     408398   Object Totals
         0          0         32          0          0          0   (incl. Generated)
        36          0          2         11          8          0   (incl. Padding)

    ----------------------------------------------------------------------

      Code (inc. data)   RO Data    RW Data    ZI Data      Debug   Library Member Name

        90          0          0          0          0          0   __dczerorl2.o
         8          0          0          0          0         68   __main.o
         0          0          0          0          0          0   __rtentry.o
        12          0          0          0          0          0   __rtentry2.o
         6          0          0          0          0          0   __rtentry4.o
        52          8          0          0          0          0   __scatter.o
        28          0          0          0          0          0   __scatter_zi.o
        16          0          0          0          0         68   aeabi_memset.o
        18          0          0          0          0         80   exit.o
         6          0          0          0          0        152   heapauxi.o
         2          0          0          0          0          0   libinit.o
         2          0          0          0          0          0   libinit2.o
         2          0          0          0          0          0   libshutdown.o
         2          0          0          0          0          0   libshutdown2.o
         8          4          0          0         96         68   libspace.o
        68          0          0          0          0         68   rt_memclr.o
        78          0          0          0          0         80   rt_memclr_w.o
       138          0          0          0          0         68   rt_memcpy_v6.o
       100          0          0          0          0         80   rt_memcpy_w.o
         2          0          0          0          0          0   rtexit.o
        10          0          0          0          0          0   rtexit2.o
        74          0          0          0          0         80   sys_stackheap_outer.o
        98          4          0          0          0         92   d2f.o
       826         16          0          0          0        348   daddsub_clz.o
        24          0          0          0          0         68   dcmpi.o
       688        140          0          0          0        208   ddiv.o
       120          4          0          0          0         92   deqf.o
        90          4          0          0          0         92   dfixu.o
        84          0          0          0          0        136   dflt_clz.o
       120          4          0          0          0         92   dleqf.o
       340         12          0          0          0        104   dmul.o
       156          4          0          0          0         92   dnaninf.o
        12          0          0          0          0         68   dretinf.o
       108          0          0          0          0         80   drleqf.o
        86          4          0          0          0         84   f2d.o
        24          0          0          0          0         68   fcmpi.o
       388         76          0          0          0         96   fdiv.o
        86          0          0          0          0        136   fflt_clz.o
       104          4          0          0          0         84   fleqf.o
       258          4          0          0          0         84   fmul.o
       140          4          0          0          0         84   fnaninf.o
        10          0          0          0          0         68   fretinf.o
        98          0          0          0          0         68   frleqf.o
         0          0          0          0          0          0   usenofp.o

    ----------------------------------------------------------------------
      4600        292          0          0         96       3056   Library Totals
        18          0          0          0          0          0   (incl. Padding)

    ----------------------------------------------------------------------

      Code (inc. data)   RO Data    RW Data    ZI Data      Debug   Library Name

       722         12          0          0         96        812   c_w.l
      3860        280          0          0          0       2244   fz_ws.l

    ----------------------------------------------------------------------
      4600        292          0          0         96       3056   Library Totals

    ----------------------------------------------------------------------

==============================================================================


      Code (inc. data)   RO Data    RW Data    ZI Data      Debug   

     23708       2842       6144        916      12620     401050   Grand Totals
     23708       2842       6144        140      12620     401050   ELF Image Totals (compressed)
     23708       2842       6144        140          0          0   ROM Totals

==============================================================================

    Total RO  Size (Code + RO Data)                29852 (  29.15kB)
    Total RW  Size (RW Data + ZI Data)             13536 (  13.22kB)
    Total ROM Size (Code + RO Data + RW Data)      29992 (  29.29kB)

==============================================================================

